Archive member included to satisfy reference by file (symbol)

c:/program files (x86)/gnu tools arm embedded/8 2019-q3-update/bin/../lib/gcc/arm-none-eabi/8.3.1/../../../../arm-none-eabi/lib/thumb/v7e-m+fp/hard\libc_nano.a(lib_a-errno.o)
                              build/aiTestUtility.o (__errno)
c:/program files (x86)/gnu tools arm embedded/8 2019-q3-update/bin/../lib/gcc/arm-none-eabi/8.3.1/../../../../arm-none-eabi/lib/thumb/v7e-m+fp/hard\libc_nano.a(lib_a-exit.o)
                              c:/program files (x86)/gnu tools arm embedded/8 2019-q3-update/bin/../lib/gcc/arm-none-eabi/8.3.1/../../../../arm-none-eabi/lib/thumb/v7e-m+fp/hard/crt0.o (exit)
c:/program files (x86)/gnu tools arm embedded/8 2019-q3-update/bin/../lib/gcc/arm-none-eabi/8.3.1/../../../../arm-none-eabi/lib/thumb/v7e-m+fp/hard\libc_nano.a(lib_a-impure.o)
                              c:/program files (x86)/gnu tools arm embedded/8 2019-q3-update/bin/../lib/gcc/arm-none-eabi/8.3.1/../../../../arm-none-eabi/lib/thumb/v7e-m+fp/hard\libc_nano.a(lib_a-exit.o) (_global_impure_ptr)
c:/program files (x86)/gnu tools arm embedded/8 2019-q3-update/bin/../lib/gcc/arm-none-eabi/8.3.1/../../../../arm-none-eabi/lib/thumb/v7e-m+fp/hard\libc_nano.a(lib_a-init.o)
                              c:/program files (x86)/gnu tools arm embedded/8 2019-q3-update/bin/../lib/gcc/arm-none-eabi/8.3.1/../../../../arm-none-eabi/lib/thumb/v7e-m+fp/hard/crt0.o (__libc_init_array)
c:/program files (x86)/gnu tools arm embedded/8 2019-q3-update/bin/../lib/gcc/arm-none-eabi/8.3.1/../../../../arm-none-eabi/lib/thumb/v7e-m+fp/hard\libc_nano.a(lib_a-malloc.o)
                              build/aiTestUtility.o (malloc)
c:/program files (x86)/gnu tools arm embedded/8 2019-q3-update/bin/../lib/gcc/arm-none-eabi/8.3.1/../../../../arm-none-eabi/lib/thumb/v7e-m+fp/hard\libc_nano.a(lib_a-memcpy-stub.o)
                              build/network.o (memcpy)
c:/program files (x86)/gnu tools arm embedded/8 2019-q3-update/bin/../lib/gcc/arm-none-eabi/8.3.1/../../../../arm-none-eabi/lib/thumb/v7e-m+fp/hard\libc_nano.a(lib_a-memset.o)
                              c:/program files (x86)/gnu tools arm embedded/8 2019-q3-update/bin/../lib/gcc/arm-none-eabi/8.3.1/../../../../arm-none-eabi/lib/thumb/v7e-m+fp/hard/crt0.o (memset)
c:/program files (x86)/gnu tools arm embedded/8 2019-q3-update/bin/../lib/gcc/arm-none-eabi/8.3.1/../../../../arm-none-eabi/lib/thumb/v7e-m+fp/hard\libc_nano.a(lib_a-nano-freer.o)
                              c:/program files (x86)/gnu tools arm embedded/8 2019-q3-update/bin/../lib/gcc/arm-none-eabi/8.3.1/../../../../arm-none-eabi/lib/thumb/v7e-m+fp/hard\libc_nano.a(lib_a-malloc.o) (_free_r)
c:/program files (x86)/gnu tools arm embedded/8 2019-q3-update/bin/../lib/gcc/arm-none-eabi/8.3.1/../../../../arm-none-eabi/lib/thumb/v7e-m+fp/hard\libc_nano.a(lib_a-nano-mallocr.o)
                              c:/program files (x86)/gnu tools arm embedded/8 2019-q3-update/bin/../lib/gcc/arm-none-eabi/8.3.1/../../../../arm-none-eabi/lib/thumb/v7e-m+fp/hard\libc_nano.a(lib_a-malloc.o) (_malloc_r)
c:/program files (x86)/gnu tools arm embedded/8 2019-q3-update/bin/../lib/gcc/arm-none-eabi/8.3.1/../../../../arm-none-eabi/lib/thumb/v7e-m+fp/hard\libc_nano.a(lib_a-nano-vfprintf_float.o)
                              (_printf_float)
c:/program files (x86)/gnu tools arm embedded/8 2019-q3-update/bin/../lib/gcc/arm-none-eabi/8.3.1/../../../../arm-none-eabi/lib/thumb/v7e-m+fp/hard\libc_nano.a(lib_a-nano-vfprintf_i.o)
                              c:/program files (x86)/gnu tools arm embedded/8 2019-q3-update/bin/../lib/gcc/arm-none-eabi/8.3.1/../../../../arm-none-eabi/lib/thumb/v7e-m+fp/hard\libc_nano.a(lib_a-nano-vfprintf_float.o) (_printf_common)
c:/program files (x86)/gnu tools arm embedded/8 2019-q3-update/bin/../lib/gcc/arm-none-eabi/8.3.1/../../../../arm-none-eabi/lib/thumb/v7e-m+fp/hard\libc_nano.a(lib_a-printf.o)
                              build/aiTestUtility.o (printf)
c:/program files (x86)/gnu tools arm embedded/8 2019-q3-update/bin/../lib/gcc/arm-none-eabi/8.3.1/../../../../arm-none-eabi/lib/thumb/v7e-m+fp/hard\libc_nano.a(lib_a-puts.o)
                              build/aiTestUtility.o (puts)
c:/program files (x86)/gnu tools arm embedded/8 2019-q3-update/bin/../lib/gcc/arm-none-eabi/8.3.1/../../../../arm-none-eabi/lib/thumb/v7e-m+fp/hard\libc_nano.a(lib_a-sbrkr.o)
                              c:/program files (x86)/gnu tools arm embedded/8 2019-q3-update/bin/../lib/gcc/arm-none-eabi/8.3.1/../../../../arm-none-eabi/lib/thumb/v7e-m+fp/hard\libc_nano.a(lib_a-nano-mallocr.o) (_sbrk_r)
c:/program files (x86)/gnu tools arm embedded/8 2019-q3-update/bin/../lib/gcc/arm-none-eabi/8.3.1/../../../../arm-none-eabi/lib/thumb/v7e-m+fp/hard\libc_nano.a(lib_a-strlen.o)
                              build/app_x-cube-ai.o (strlen)
[...]
Memory Configuration

Name             Origin             Length             Attributes
RAM              0x20000000         0x00018000         xrw
FLASH            0x08000000         0x00080000         xr
*default*        0x00000000         0xffffffff

Linker script and memory map

LOAD c:/program files (x86)/gnu tools arm embedded/8 2019-q3-update/bin/../lib/gcc/arm-none-eabi/8.3.1/thumb/v7e-m+fp/hard/crti.o
LOAD c:/program files (x86)/gnu tools arm embedded/8 2019-q3-update/bin/../lib/gcc/arm-none-eabi/8.3.1/thumb/v7e-m+fp/hard/crtbegin.o
LOAD c:/program files (x86)/gnu tools arm embedded/8 2019-q3-update/bin/../lib/gcc/arm-none-eabi/8.3.1/../../../../arm-none-eabi/lib/thumb/v7e-m+fp/hard/crt0.o
LOAD build/network.o
LOAD build/network_data.o
LOAD build/main.o
LOAD build/app_x-cube-ai.o
LOAD build/stm32f4xx_it.o
LOAD build/stm32f4xx_hal_msp.o
LOAD build/aiPbMgr.o
LOAD build/aiTestUtility.o
LOAD build/aiValidation.o
LOAD build/pb_common.o
LOAD build/pb_decode.o
LOAD build/pb_encode.o
LOAD build/stm32msg.pb.o
LOAD build/stm32f4xx_hal_crc.o
LOAD build/stm32f4xx_hal_rcc.o
LOAD build/stm32f4xx_hal_rcc_ex.o
LOAD build/stm32f4xx_hal_flash.o
LOAD build/stm32f4xx_hal_flash_ex.o
LOAD build/stm32f4xx_hal_flash_ramfunc.o
LOAD build/stm32f4xx_hal_gpio.o
LOAD build/stm32f4xx_hal_dma_ex.o
LOAD build/stm32f4xx_hal_dma.o
LOAD build/stm32f4xx_hal_pwr.o
LOAD build/stm32f4xx_hal_pwr_ex.o
LOAD build/stm32f4xx_hal_cortex.o
LOAD build/stm32f4xx_hal.o
LOAD build/stm32f4xx_hal_exti.o
LOAD build/stm32f4xx_hal_tim.o
LOAD build/stm32f4xx_hal_tim_ex.o
LOAD build/stm32f4xx_hal_uart.o
LOAD build/system_stm32f4xx.o
LOAD build/startup_stm32f401xe.o
START GROUP
LOAD c:/program files (x86)/gnu tools arm embedded/8 2019-q3-update/bin/../lib/gcc/arm-none-eabi/8.3.1/../../../../arm-none-eabi/lib/thumb/v7e-m+fp/hard\libc_nano.a
LOAD c:/program files (x86)/gnu tools arm embedded/8 2019-q3-update/bin/../lib/gcc/arm-none-eabi/8.3.1/../../../../arm-none-eabi/lib/thumb/v7e-m+fp/hard\libm.a
LOAD c:/program files (x86)/gnu tools arm embedded/8 2019-q3-update/bin/../lib/gcc/arm-none-eabi/8.3.1/../../../../arm-none-eabi/lib/thumb/v7e-m+fp/hard\libnosys.a
LOAD Middlewares/ST/AI/Lib/NetworkRuntime500_CM4_GCC.a
END GROUP
START GROUP
LOAD c:/program files (x86)/gnu tools arm embedded/8 2019-q3-update/bin/../lib/gcc/arm-none-eabi/8.3.1/thumb/v7e-m+fp/hard\libgcc.a
LOAD c:/program files (x86)/gnu tools arm embedded/8 2019-q3-update/bin/../lib/gcc/arm-none-eabi/8.3.1/../../../../arm-none-eabi/lib/thumb/v7e-m+fp/hard\libc_nano.a
END GROUP
START GROUP
LOAD c:/program files (x86)/gnu tools arm embedded/8 2019-q3-update/bin/../lib/gcc/arm-none-eabi/8.3.1/thumb/v7e-m+fp/hard\libgcc.a
LOAD c:/program files (x86)/gnu tools arm embedded/8 2019-q3-update/bin/../lib/gcc/arm-none-eabi/8.3.1/../../../../arm-none-eabi/lib/thumb/v7e-m+fp/hard\libc_nano.a
END GROUP
LOAD c:/program files (x86)/gnu tools arm embedded/8 2019-q3-update/bin/../lib/gcc/arm-none-eabi/8.3.1/thumb/v7e-m+fp/hard/crtend.o
LOAD c:/program files (x86)/gnu tools arm embedded/8 2019-q3-update/bin/../lib/gcc/arm-none-eabi/8.3.1/thumb/v7e-m+fp/hard/crtn.o
                0x20018000                _estack = 0x20018000
                0x00000800                _Min_Heap_Size = 0x800
                0x00000800                _Min_Stack_Size = 0x800

.isr_vector     0x08000000      0x194
                0x08000000                . = ALIGN (0x4)
 *(.isr_vector)
 .isr_vector    0x08000000      0x194 build/startup_stm32f401xe.o
                0x08000000                g_pfnVectors
                0x08000194                . = ALIGN (0x4)

.text           0x080001a0    0x13d14
                0x080001a0                . = ALIGN (0x4)
 *(.text)
 .text          0x080001a0       0x40 c:/program files (x86)/gnu tools arm embedded/8 2019-q3-update/bin/../lib/gcc/arm-none-eabi/8.3.1/thumb/v7e-m+fp/hard/crtbegin.o
 .text          0x080001e0       0x10 c:/program files (x86)/gnu tools arm embedded/8 2019-q3-update/bin/../lib/gcc/arm-none-eabi/8.3.1/../../../../arm-none-eabi/lib/thumb/v7e-m+fp/hard\libc_nano.a(lib_a-strlen.o)
                0x080001e0                strlen
 .text          0x080001f0       0xa0 c:/program files (x86)/gnu tools arm embedded/8 2019-q3-update/bin/../lib/gcc/arm-none-eabi/8.3.1/../../../../arm-none-eabi/lib/thumb/v7e-m+fp/hard\libc_nano.a(lib_a-memchr.o)
                0x080001f0                memchr
 .text          0x08000290      0x10c Middlewares/ST/AI/Lib/NetworkRuntime500_CM4_GCC.a(ai_math_helpers.o)
                0x08000290                ai_math_sqrt
                0x080002a8                ai_math_exp
                0x080002ac                ai_math_pow
                0x080002b0                ai_math_tanh
                0x080002b4                ai_math_cosh
                0x080002b8                ai_math_relu
                0x080002c8                ai_math_prelu
                0x080002d8                ai_math_sigmoid
                0x080002f8                ai_math_hard_sigmoid
                0x0800032c                ai_math_sign
                0x08000358                ai_div
                0x0800035e                ai_floor_div
                0x08000366                ai_floor_mod
                0x0800036a                ai_max
                0x0800037a                ai_min
                0x0800038a                ai_mul
                0x08000390                ai_sub
                0x08000396                ai_sum
 .text          0x0800039c      0x2e4 Middlewares/ST/AI/Lib/NetworkRuntime500_CM4_GCC.a(ai_network_inspector.o)
                0x0800039c                ai_inspector_default_config
                0x080003c8                ai_inspector_create
                0x0800042c                ai_inspector_destroy
                0x0800047e                ai_inspector_bind_network
                0x080004fe                ai_inspector_unbind_network
                0x0800058e                ai_inspector_get_report
                0x08000608                ai_inspector_run
 .text          0x08000680      0x93c Middlewares/ST/AI/Lib/NetworkRuntime500_CM4_GCC.a(ai_platform_interface.o)
                0x08000766                ai_platform_runtime_get_revision
                0x08000796                ai_platform_runtime_get_version
                0x080007ca                ai_platform_api_get_version
                0x080007fe                ai_platform_interface_api_get_version
                0x08000832                ai_platform_context_acquire
                0x0800086e                ai_platform_context_release
                0x08000876                ai_platform_network_get_error
                0x080008c2                ai_platform_network_set_error
                0x080008ce                ai_platform_api_get_network_report
                0x08000a4c                ai_platform_network_create
                0x08000ad6                ai_platform_network_destroy
                0x08000b1c                ai_platform_network_init
                0x08000bd4                ai_platform_network_process
 .text          0x08000fbc       0x24 Middlewares/ST/AI/Lib/NetworkRuntime500_CM4_GCC.a(core_common.o)
                0x08000fbc                core_init
                0x08000fc0                core_get_error
                0x08000fca                core_set_error
 .text          0x08000fe0       0x7e Middlewares/ST/AI/Lib/NetworkRuntime500_CM4_GCC.a(core_mem_manager.o)
                0x08000fe0                core_mem_alloc
                0x08000ffa                core_mem_free
                0x08001020                core_mem_realloc
 *fill*         0x0800105e        0x2 
 .text          0x08001060      0xa50 Middlewares/ST/AI/Lib/NetworkRuntime500_CM4_GCC.a(core_net_inspect.o)
                0x080010c0                _core_inspect_forward_validate
                0x08001878                ai_network_inspect_init
                0x080019fa                ai_network_inspect_get_report
                0x08001a2a                ai_network_inspect_destroy
 .text          0x08001ab0      0x3bc Middlewares/ST/AI/Lib/NetworkRuntime500_CM4_GCC.a(core_utils.o)
                0x08001b64                core_utils_compute_crc32
                0x08001c10                core_utils_generate_network_signature
                0x08001c58                core_get_broadcasted_shape
                0x08001d04                core_compute_offsets
                0x08001d8c                core_tensor_clone
                0x08001e5e                core_array_clone
 .text          0x08001e6c      0x260 Middlewares/ST/AI/Lib/NetworkRuntime500_CM4_GCC.a(layers.o)
                0x08001e6c                ai_layers_forward_layer
                0x08001e80                ai_check_custom_types
                0x08001ea8                ai_layer_type_name
                0x08001fb8                ai_layer_type_is_valid
                0x08001fd4                ai_layers_forward_all
 .text          0x080020cc     0x1798 Middlewares/ST/AI/Lib/NetworkRuntime500_CM4_GCC.a(layers_conv2d_generic_float.o)
                0x08002678                ai_dict8_dot_array_f32
                0x080027d8                ai_dict4_dot_array_f32
                0x08002940                ai_dict_decompress_f32
                0x08002a14                forward_conv2d
                0x08002cb0                forward_conv2d_nl_pool
                0x08003168                forward_dense
                0x08003410                forward_gemm
                0x080036cc                forward_matmul
 .text          0x08003864     0x24c4 Middlewares/ST/AI/Lib/NetworkRuntime500_CM4_GCC.a(layers_nl_generic_float.o)
                0x080038b8                nl_func_acos_array_f32
                0x080038e8                forward_acos
                0x0800399c                nl_func_acosh_array_f32
                0x080039cc                forward_acosh
                0x08003a80                nl_func_asin_array_f32
                0x08003ab0                forward_asin
                0x08003b64                nl_func_asinh_array_f32
                0x08003b94                forward_asinh
                0x08003c48                nl_func_atan_array_f32
                0x08003c78                forward_atan
                0x08003d2c                nl_func_atanh_array_f32
                0x08003d5c                forward_atanh
                0x08003e10                nl_func_cos_array_f32
                0x08003e40                forward_cos
                0x08003ef4                nl_func_cosh_array_f32
                0x08003f24                forward_cosh
                0x08003fd8                nl_func_erf_array_f32
                0x08004008                forward_erf
                0x080040bc                nl_func_log_array_f32
                0x080040ec                forward_log
                0x080041a0                nl_func_rsqrt_array_f32
                0x080041d8                forward_rsqrt
                0x08004298                nl_func_sin_array_f32
                0x080042c8                forward_sin
                0x0800437c                nl_func_sinh_array_f32
                0x080043ac                forward_sinh
                0x08004460                nl_func_tan_array_f32
                0x08004490                forward_tan
                0x08004544                nl_func_abs_array_f32
                0x0800456c                forward_abs
                0x0800461c                nl_func_ceil_array_f32
                0x0800464c                forward_ceil
                0x08004700                nl_func_floor_array_f32
                0x08004730                forward_floor
                0x080047e4                nl_func_round_array_f32
                0x08004814                forward_round
                0x080048c8                nl_func_neg_array_f32
                0x08004938                forward_neg
                0x08004a30                nl_func_reciprocal_array_f32
                0x08004aac                forward_reciprocal
                0x08004bb0                nl_func_exp_array_f32
                0x08004be0                forward_exp
                0x08004c94                nl_func_sigmoid_array_f32
                0x08004cd8                forward_sigmoid
                0x08004da0                nl_func_sign_array_f32
                0x08004de0                forward_sign
                0x08004eb0                nl_func_sqrt_array_f32
                0x08004ee0                forward_sqrt
                0x08004f98                nl_func_soft_plus_array_f32
                0x08004fd4                forward_soft_plus
                0x08005094                nl_func_soft_sign_array_f32
                0x080050cc                forward_soft_sign
                0x0800518c                nl_func_tanh_array_f32
                0x080051bc                forward_tanh
                0x08005270                nl_func_relu_array_f32
                0x080052a4                nl_func_sm_channel_f32
                0x080053c8                nl_func_sm_array_f32
                0x08005424                nl_func_hard_sigmoid_array_f32
                0x08005484                nl_func_clip_array_f32
                0x080054d0                nl_func_hardmax_array_f32
                0x080055b4                nl_func_relu_generic_array_f32
                0x0800566c                nl_func_relu_thresholded_array_f32
                0x080056a4                nl_func_elu_array_f32
                0x08005728                nl_func_selu_array_f32
                0x080057ac                nl_func_prelu_array_f32
                0x0800580c                forward_relu
                0x080058c0                forward_relu_thresholded
                0x08005988                forward_elu
                0x080059d8                forward_selu
                0x08005a28                forward_prelu
                0x08005b4c                forward_clip
                0x08005b9c                forward_hard_sigmoid
                0x08005c8c                forward_sm
                0x08005ce0                forward_hardmax
 .text          0x08005d28      0x724 Middlewares/ST/AI/Lib/NetworkRuntime500_CM4_GCC.a(layers_norm_generic_float.o)
                0x08005d7c                func_lrn_channel_f32
                0x08005e84                func_norm_array_f32
                0x08005f88                func_norm_l2_fast_array_f32
                0x0800606c                func_lrn_array_f32
                0x080060bc                forward_bn
                0x08006326                forward_lrn
                0x08006392                forward_norm
 .text          0x0800644c     0x1de8 Middlewares/ST/AI/Lib/NetworkRuntime500_CM4_GCC.a(layers_rnn_generic_float.o)
                0x08006450                gru_cell_before
                0x08006c04                gru_cell_after
                0x08007334                lstm_cell
                0x08007d54                _forward_gru_after
                0x08007ee4                forward_lstm
                0x08008090                forward_gru
 .text          0x08008234      0x8f0 Middlewares/ST/AI/Lib/NetworkRuntime500_CM4_GCC.a(ai_datatypes_format.o)
                0x08008234                ai_array_fmt_name
                0x080083de                ai_array_fmt_exported
                0x080084c2                ai_array_fmt_valid
                0x080085a8                ai_array_fmt_get_formats
                0x080085b8                ai_buffer_fmt_name
                0x0800867e                ai_buffer_fmt_valid
                0x080086ec                ai_buffer_fmt_get_formats
                0x080086f4                ai_array_to_buffer_fmt
                0x080087a0                ai_buffer_to_array_fmt
                0x080088a4                ai_array_get_byte_size
                0x080088fa                ai_array_get_data_byte_size
                0x08008922                ai_array_get_elems_from_size
 .text          0x08008b24        0x8 Middlewares/ST/AI/Lib/NetworkRuntime500_CM4_GCC.a(arm_mat_init_f32.o)
                0x08008b24                arm_mat_init_f32
 .text          0x08008b2c        0x2 Middlewares/ST/AI/Lib/NetworkRuntime500_CM4_GCC.a(core_benchmark.o)
                0x08008b2c                core_timer_init_
 .text          0x08008b2e        0x4 Middlewares/ST/AI/Lib/NetworkRuntime500_CM4_GCC.a(core_benchmark.o)
                0x08008b2e                core_timer_ticks_
 *fill*         0x08008b32        0x2 
 .text          0x08008b34       0xe0 Middlewares/ST/AI/Lib/NetworkRuntime500_CM4_GCC.a(core_benchmark.o)
                0x08008b34                core_timer_init
                0x08008b5e                core_timer_reset
                0x08008b6a                core_timer_start
                0x08008b7e                core_timer_stop
                0x08008b98                core_timer_main_test_unit
 .text          0x08008c14       0x9a c:/program files (x86)/gnu tools arm embedded/8 2019-q3-update/bin/../lib/gcc/arm-none-eabi/8.3.1/../../../../arm-none-eabi/lib/thumb/v7e-m+fp/hard\libc_nano.a(lib_a-aeabi_memset-soft.o)
                0x08008c14                __aeabi_memset8
                0x08008c14                __aeabi_memset4
                0x08008c14                __aeabi_memset
 *fill*         0x08008cae        0x2 
 .text          0x08008cb0      0x378 c:/program files (x86)/gnu tools arm embedded/8 2019-q3-update/bin/../lib/gcc/arm-none-eabi/8.3.1/thumb/v7e-m+fp/hard\libgcc.a(_arm_addsubdf3.o)
                0x08008cb0                __aeabi_drsub
                0x08008cb8                __aeabi_dsub
                0x08008cb8                __subdf3
                0x08008cbc                __aeabi_dadd
                0x08008cbc                __adddf3
                0x08008f34                __floatunsidf
                0x08008f34                __aeabi_ui2d
                0x08008f54                __floatsidf
                0x08008f54                __aeabi_i2d
                0x08008f78                __aeabi_f2d
                0x08008f78                __extendsfdf2
                0x08008fbc                __floatundidf
                0x08008fbc                __aeabi_ul2d
                0x08008fcc                __floatdidf
                0x08008fcc                __aeabi_l2d
 .text          0x08009028      0x424 c:/program files (x86)/gnu tools arm embedded/8 2019-q3-update/bin/../lib/gcc/arm-none-eabi/8.3.1/thumb/v7e-m+fp/hard\libgcc.a(_arm_muldivdf3.o)
                0x08009028                __aeabi_dmul
                0x08009028                __muldf3
                0x0800927c                __divdf3
                0x0800927c                __aeabi_ddiv
 .text          0x0800944c      0x110 c:/program files (x86)/gnu tools arm embedded/8 2019-q3-update/bin/../lib/gcc/arm-none-eabi/8.3.1/thumb/v7e-m+fp/hard\libgcc.a(_arm_cmpdf2.o)
                0x0800944c                __gtdf2
                0x0800944c                __gedf2
                0x08009454                __ltdf2
                0x08009454                __ledf2
                0x0800945c                __nedf2
                0x0800945c                __eqdf2
                0x0800945c                __cmpdf2
                0x080094d8                __aeabi_cdrcmple
                0x080094e8                __aeabi_cdcmpeq
                0x080094e8                __aeabi_cdcmple
                0x080094f8                __aeabi_dcmpeq
                0x0800950c                __aeabi_dcmplt
                0x08009520                __aeabi_dcmple
                0x08009534                __aeabi_dcmpge
                0x08009548                __aeabi_dcmpgt
 .text          0x0800955c       0x2c c:/program files (x86)/gnu tools arm embedded/8 2019-q3-update/bin/../lib/gcc/arm-none-eabi/8.3.1/thumb/v7e-m+fp/hard\libgcc.a(_arm_unorddf2.o)
                0x0800955c                __unorddf2
                0x0800955c                __aeabi_dcmpun
 .text          0x08009588       0x50 c:/program files (x86)/gnu tools arm embedded/8 2019-q3-update/bin/../lib/gcc/arm-none-eabi/8.3.1/thumb/v7e-m+fp/hard\libgcc.a(_arm_fixdfsi.o)
                0x08009588                __aeabi_d2iz
                0x08009588                __fixdfsi
 .text          0x080095d8      0x21c c:/program files (x86)/gnu tools arm embedded/8 2019-q3-update/bin/../lib/gcc/arm-none-eabi/8.3.1/thumb/v7e-m+fp/hard\libgcc.a(_arm_addsubsf3.o)
                0x080095d8                __aeabi_frsub
                0x080095e0                __subsf3
                0x080095e0                __aeabi_fsub
                0x080095e4                __aeabi_fadd
                0x080095e4                __addsf3
                0x08009744                __aeabi_ui2f
                0x08009744                __floatunsisf
                0x0800974c                __aeabi_i2f
                0x0800974c                __floatsisf
                0x08009768                __aeabi_ul2f
                0x08009768                __floatundisf
                0x08009778                __aeabi_l2f
                0x08009778                __floatdisf
 .text          0x080097f4       0x30 c:/program files (x86)/gnu tools arm embedded/8 2019-q3-update/bin/../lib/gcc/arm-none-eabi/8.3.1/thumb/v7e-m+fp/hard\libgcc.a(_aeabi_uldivmod.o)
                0x080097f4                __aeabi_uldivmod
 .text          0x08009824      0x2d0 c:/program files (x86)/gnu tools arm embedded/8 2019-q3-update/bin/../lib/gcc/arm-none-eabi/8.3.1/thumb/v7e-m+fp/hard\libgcc.a(_udivmoddi4.o)
                0x08009824                __udivmoddi4
 .text          0x08009af4        0x4 c:/program files (x86)/gnu tools arm embedded/8 2019-q3-update/bin/../lib/gcc/arm-none-eabi/8.3.1/thumb/v7e-m+fp/hard\libgcc.a(_dvmd_tls.o)
                0x08009af4                __aeabi_idiv0
                0x08009af4                __aeabi_ldiv0
 *(.text*)
 .text.ai_network_get_info
                0x08009af8       0x9c build/network.o
                0x08009af8                ai_network_get_info
 .text.ai_network_get_error
                0x08009b94        0x8 build/network.o
                0x08009b94                ai_network_get_error
 .text.ai_network_create
                0x08009b9c       0x20 build/network.o
                0x08009b9c                ai_network_create
 .text.ai_network_destroy
                0x08009bbc        0x8 build/network.o
                0x08009bbc                ai_network_destroy
 .text.ai_network_init
                0x08009bc4      0x1a4 build/network.o
                0x08009bc4                ai_network_init
 .text.ai_network_run
                0x08009d68        0x8 build/network.o
                0x08009d68                ai_network_run
 .text.ai_network_forward
                0x08009d70        0xa build/network.o
                0x08009d70                ai_network_forward
 *fill*         0x08009d7a        0x2 
 .text.ai_network_data_weights_get
                0x08009d7c        0x8 build/network_data.o
                0x08009d7c                ai_network_data_weights_get
 .text.MX_GPIO_Init
                0x08009d84       0xac build/main.o
 .text.MX_CRC_Init
                0x08009e30       0x18 build/main.o
 .text.SystemClock_Config
                0x08009e48       0x94 build/main.o
                0x08009e48                SystemClock_Config
 .text.main     0x08009edc       0x1c build/main.o
                0x08009edc                main
 .text.MX_USART2_UART_Init
                0x08009ef8       0x2c build/main.o
                0x08009ef8                MX_USART2_UART_Init
 .text.MX_X_CUBE_AI_Init
                0x08009f24        0xc build/app_x-cube-ai.o
                0x08009f24                MX_X_CUBE_AI_Init
 .text.MX_X_CUBE_AI_Process
                0x08009f30        0x8 build/app_x-cube-ai.o
                0x08009f30                MX_X_CUBE_AI_Process
 .text.ai_mnetwork_find
                0x08009f38       0x74 build/app_x-cube-ai.o
                0x08009f38                ai_mnetwork_find
 .text.ai_mnetwork_create
                0x08009fac       0xd0 build/app_x-cube-ai.o
                0x08009fac                ai_mnetwork_create
 .text.ai_mnetwork_destroy
                0x0800a07c       0x7c build/app_x-cube-ai.o
                0x0800a07c                ai_mnetwork_destroy
 .text.ai_mnetwork_get_info
                0x0800a0f8       0x50 build/app_x-cube-ai.o
                0x0800a0f8                ai_mnetwork_get_info
 .text.ai_mnetwork_get_error
                0x0800a148       0x5c build/app_x-cube-ai.o
                0x0800a148                ai_mnetwork_get_error
 .text.ai_mnetwork_init
                0x0800a1a4       0xac build/app_x-cube-ai.o
                0x0800a1a4                ai_mnetwork_init
 .text.ai_mnetwork_run
                0x0800a250       0x4c build/app_x-cube-ai.o
                0x0800a250                ai_mnetwork_run
 .text.ai_mnetwork_get_private_handle
                0x0800a29c       0x74 build/app_x-cube-ai.o
                0x0800a29c                ai_mnetwork_get_private_handle
 .text.ai_mnetwork_get_ext_data_activations
                0x0800a310       0x68 build/app_x-cube-ai.o
                0x0800a310                ai_mnetwork_get_ext_data_activations
 .text.NMI_Handler
                0x0800a378        0x2 build/stm32f4xx_it.o
                0x0800a378                NMI_Handler
 .text.HardFault_Handler
                0x0800a37a        0x2 build/stm32f4xx_it.o
                0x0800a37a                HardFault_Handler
 .text.MemManage_Handler
                0x0800a37c        0x2 build/stm32f4xx_it.o
                0x0800a37c                MemManage_Handler
 .text.BusFault_Handler
                0x0800a37e        0x2 build/stm32f4xx_it.o
                0x0800a37e                BusFault_Handler
 .text.UsageFault_Handler
                0x0800a380        0x2 build/stm32f4xx_it.o
                0x0800a380                UsageFault_Handler
 .text.SVC_Handler
                0x0800a382        0x2 build/stm32f4xx_it.o
                0x0800a382                SVC_Handler
 .text.DebugMon_Handler
                0x0800a384        0x2 build/stm32f4xx_it.o
                0x0800a384                DebugMon_Handler
 .text.PendSV_Handler
                0x0800a386        0x2 build/stm32f4xx_it.o
                0x0800a386                PendSV_Handler
 .text.SysTick_Handler
                0x0800a388        0x8 build/stm32f4xx_it.o
                0x0800a388                SysTick_Handler
 .text.HAL_MspInit
                0x0800a390       0x40 build/stm32f4xx_hal_msp.o
                0x0800a390                HAL_MspInit
 .text.HAL_CRC_MspInit
                0x0800a3d0       0x30 build/stm32f4xx_hal_msp.o
                0x0800a3d0                HAL_CRC_MspInit
 .text.HAL_UART_MspInit
                0x0800a400       0x6c build/stm32f4xx_hal_msp.o
                0x0800a400                HAL_UART_MspInit
 .text.aiPbMsgFmtToAiFmt
                0x0800a46c        0x2 build/aiPbMgr.o
 .text.aiPbAiFmtToMsgFmt
                0x0800a46e        0x2 build/aiPbMgr.o
 .text.aiPbBufferGetItemSize
                0x0800a470        0xa build/aiPbMgr.o
 .text.aiPbMgrSetMetaInfo
                0x0800a47a       0x8e build/aiPbMgr.o
 .text.init_aibuffer_msg
                0x0800a508       0x32 build/aiPbMgr.o
 .text.aiPbBuffer_read_cb3
                0x0800a53a       0xb4 build/aiPbMgr.o
 .text.aiPbBuffer_write_cb3
                0x0800a5ee       0x4a build/aiPbMgr.o
 .text.nn_shape_w_cb
                0x0800a638       0x50 build/aiPbMgr.o
 .text.nn_outputs_w_cb
                0x0800a688       0x14 build/aiPbMgr.o
 .text.nn_inputs_w_cb
                0x0800a69c       0x14 build/aiPbMgr.o
 .text.aiPbMgrInit
                0x0800a6b0       0x58 build/aiPbMgr.o
                0x0800a6b0                aiPbMgrInit
 .text.aiPbMgrSendResp
                0x0800a708       0x20 build/aiPbMgr.o
                0x0800a708                aiPbMgrSendResp
 .text.aiPbMgrSendAck
                0x0800a728       0x14 build/aiPbMgr.o
                0x0800a728                aiPbMgrSendAck
 .text.aiPbMgrWaitAndProcess
                0x0800a73c       0x78 build/aiPbMgr.o
                0x0800a73c                aiPbMgrWaitAndProcess
 .text.aiPbMgrWaitAck
                0x0800a7b4       0x2c build/aiPbMgr.o
                0x0800a7b4                aiPbMgrWaitAck
 .text.aiPbAiBufferSize
                0x0800a7e0       0x1e build/aiPbMgr.o
                0x0800a7e0                aiPbAiBufferSize
 *fill*         0x0800a7fe        0x2 
 .text.aiPbMgrReceiveAiBuffer3
                0x0800a800       0x7c build/aiPbMgr.o
                0x0800a800                aiPbMgrReceiveAiBuffer3
 .text.aiPbMgrSendAiBuffer3
                0x0800a87c       0x9c build/aiPbMgr.o
                0x0800a87c                aiPbMgrSendAiBuffer3
 .text.aiPbCmdSync
                0x0800a918       0x20 build/aiPbMgr.o
                0x0800a918                aiPbCmdSync
 .text.aiPbCmdSysInfo
                0x0800a938       0x2e build/aiPbMgr.o
                0x0800a938                aiPbCmdSysInfo
 *fill*         0x0800a966        0x2 
 .text.aiPbStrCopy
                0x0800a968       0x4c build/aiPbMgr.o
                0x0800a968                aiPbStrCopy
 .text.aiPbVersionToUint32
                0x0800a9b4       0x1e build/aiPbMgr.o
                0x0800a9b4                aiPbVersionToUint32
 *fill*         0x0800a9d2        0x2 
 .text.aiPbMgrSendNNInfo
                0x0800a9d4       0xf0 build/aiPbMgr.o
                0x0800a9d4                aiPbMgrSendNNInfo
 .text.write_packet
                0x0800aac4       0x20 build/aiTestUtility.o
 .text.write_callback
                0x0800aae4       0x40 build/aiTestUtility.o
 .text.read_packet
                0x0800ab24       0x2c build/aiTestUtility.o
 .text.read_callback
                0x0800ab50       0x80 build/aiTestUtility.o
 .text.crcIpInit
                0x0800abd0       0x3c build/aiTestUtility.o
                0x0800abd0                crcIpInit
 .text.dwtIpInit
                0x0800ac0c       0x28 build/aiTestUtility.o
                0x0800ac0c                dwtIpInit
 .text.dwtReset
                0x0800ac34        0xc build/aiTestUtility.o
                0x0800ac34                dwtReset
 .text.dwtGetCycles
                0x0800ac40        0xc build/aiTestUtility.o
                0x0800ac40                dwtGetCycles
 .text.systemCoreClock
                0x0800ac4c        0x8 build/aiTestUtility.o
                0x0800ac4c                systemCoreClock
 .text.dwtCyclesToFloatMs
                0x0800ac54       0x38 build/aiTestUtility.o
                0x0800ac54                dwtCyclesToFloatMs
 .text.getFlashCacheConf
                0x0800ac8c        0xc build/aiTestUtility.o
                0x0800ac8c                getFlashCacheConf
 .text.logDeviceConf
                0x0800ac98      0x1cc build/aiTestUtility.o
                0x0800ac98                logDeviceConf
 .text.disableInts
                0x0800ae64        0x8 build/aiTestUtility.o
                0x0800ae64                disableInts
 .text.restoreInts
                0x0800ae6c        0x6 build/aiTestUtility.o
                0x0800ae6c                restoreInts
 *fill*         0x0800ae72        0x2 
 .text.ioDisableWrite
                0x0800ae74        0xc build/aiTestUtility.o
                0x0800ae74                ioDisableWrite
 .text._write   0x0800ae80       0x44 build/aiTestUtility.o
                0x0800ae80                _write
 .text.__wrap_malloc
                0x0800aec4       0x4c build/aiTestUtility.o
                0x0800aec4                __wrap_malloc
 .text.__wrap_free
                0x0800af10       0x44 build/aiTestUtility.o
                0x0800af10                __wrap_free
 .text.aiLogErr
                0x0800af54       0x24 build/aiTestUtility.o
                0x0800af54                aiLogErr
 .text.aiBufferSize
                0x0800af78       0x10 build/aiTestUtility.o
                0x0800af78                aiBufferSize
 .text.aiPrintNetworkInfo
                0x0800af88      0x394 build/aiTestUtility.o
                0x0800af88                aiPrintNetworkInfo
 .text.aiTestHeader
                0x0800b31c       0x40 build/aiTestUtility.o
                0x0800b31c                aiTestHeader
 .text.ioFlushWrite
                0x0800b35c       0x1c build/aiTestUtility.o
                0x0800b35c                ioFlushWrite
 .text.ioFlushRead
                0x0800b378       0x18 build/aiTestUtility.o
                0x0800b378                ioFlushRead
 .text.pb_ostream_to_uart
                0x0800b390       0x20 build/aiTestUtility.o
                0x0800b390                pb_ostream_to_uart
 .text.pb_istream_from_uart
                0x0800b3b0       0x18 build/aiTestUtility.o
                0x0800b3b0                pb_istream_from_uart
 .text.aiExecCtx
                0x0800b3c8       0x6c build/aiValidation.o
 .text.aiPbCmdNNInfo
                0x0800b434       0x34 build/aiValidation.o
                0x0800b434                aiPbCmdNNInfo
 .text.aiOnExecNode_cb
                0x0800b468       0xac build/aiValidation.o
 .text.aiInspectorUnBind
                0x0800b514       0x20 build/aiValidation.o
 .text.aiInspectorBind
                0x0800b534       0x38 build/aiValidation.o
 .text.aiInspectorInitAndBind
                0x0800b56c       0x78 build/aiValidation.o
 .text.aiInspectorGetReport
                0x0800b5e4       0x30 build/aiValidation.o
 .text.aiInspectorSendReport
                0x0800b614       0x62 build/aiValidation.o
 .text.aiInspectorUnbindAndDestroy
                0x0800b676       0x16 build/aiValidation.o
 .text.aiPbCmdNNRun
                0x0800b68c      0x21c build/aiValidation.o
                0x0800b68c                aiPbCmdNNRun
 .text.aiBootstrap
                0x0800b8a8      0x12c build/aiValidation.o
 .text.aiInit   0x0800b9d4       0x80 build/aiValidation.o
 .text.aiValidationCore
                0x0800ba54        0x8 build/aiValidation.o
 .text.aiValidationInit
                0x0800ba5c       0x2c build/aiValidation.o
                0x0800ba5c                aiValidationInit
 .text.aiValidationProcess
                0x0800ba88       0x84 build/aiValidation.o
                0x0800ba88                aiValidationProcess
 .text.pb_field_iter_begin
                0x0800bb0c       0x24 build/pb_common.o
                0x0800bb0c                pb_field_iter_begin
 .text.pb_field_iter_next
                0x0800bb30       0x8a build/pb_common.o
                0x0800bb30                pb_field_iter_next
 .text.pb_field_iter_find
                0x0800bbba       0x30 build/pb_common.o
                0x0800bbba                pb_field_iter_find
 .text.buf_read
                0x0800bbea       0x22 build/pb_decode.o
 .text.pb_readbyte
                0x0800bc0c       0x40 build/pb_decode.o
 .text.pb_decode_varint32_eof
                0x0800bc4c       0xbc build/pb_decode.o
 .text.decode_pointer_field
                0x0800bd08       0x14 build/pb_decode.o
 .text.iter_from_extension
                0x0800bd1c       0x2e build/pb_decode.o
 .text.find_extension_field
                0x0800bd4a       0x26 build/pb_decode.o
 .text.pb_field_set_to_default
                0x0800bd70       0xb2 build/pb_decode.o
 .text.pb_message_set_to_defaults
                0x0800be22       0x26 build/pb_decode.o
 .text.pb_read  0x0800be48       0x80 build/pb_decode.o
                0x0800be48                pb_read
 .text.pb_skip_varint
                0x0800bec8       0x24 build/pb_decode.o
 .text.read_raw_value
                0x0800beec       0x78 build/pb_decode.o
 .text.pb_istream_from_buffer
                0x0800bf64       0x18 build/pb_decode.o
                0x0800bf64                pb_istream_from_buffer
 .text.pb_decode_varint32
                0x0800bf7c        0xa build/pb_decode.o
                0x0800bf7c                pb_decode_varint32
 .text.pb_skip_string
                0x0800bf86       0x24 build/pb_decode.o
 *fill*         0x0800bfaa        0x2 
 .text.pb_dec_fixed_length_bytes
                0x0800bfac       0x68 build/pb_decode.o
 .text.pb_dec_string
                0x0800c014       0x78 build/pb_decode.o
 .text.pb_dec_bytes
                0x0800c08c       0x8c build/pb_decode.o
 .text.pb_decode_varint
                0x0800c118       0x74 build/pb_decode.o
                0x0800c118                pb_decode_varint
 .text.pb_dec_uvarint
                0x0800c18c       0x84 build/pb_decode.o
 .text.pb_dec_varint
                0x0800c210       0x8c build/pb_decode.o
 .text.pb_decode_tag
                0x0800c29c       0x3e build/pb_decode.o
                0x0800c29c                pb_decode_tag
 *fill*         0x0800c2da        0x2 
 .text.pb_skip_field
                0x0800c2dc       0x44 build/pb_decode.o
                0x0800c2dc                pb_skip_field
 .text.pb_make_string_substream
                0x0800c320       0x40 build/pb_decode.o
                0x0800c320                pb_make_string_substream
 .text.pb_close_string_substream
                0x0800c360       0x28 build/pb_decode.o
                0x0800c360                pb_close_string_substream
 .text.decode_static_field
                0x0800c388      0x144 build/pb_decode.o
 .text.decode_callback_field
                0x0800c4cc       0x98 build/pb_decode.o
 .text.decode_field
                0x0800c564       0x38 build/pb_decode.o
 .text.default_extension_decoder
                0x0800c59c       0x30 build/pb_decode.o
 .text.decode_extension
                0x0800c5cc       0x48 build/pb_decode.o
 .text.pb_decode_noinit
                0x0800c614      0x1c8 build/pb_decode.o
                0x0800c614                pb_decode_noinit
 .text.pb_decode
                0x0800c7dc       0x1c build/pb_decode.o
                0x0800c7dc                pb_decode
 .text.pb_dec_submessage
                0x0800c7f8       0x68 build/pb_decode.o
 .text.pb_decode_delimited
                0x0800c860       0x38 build/pb_decode.o
                0x0800c860                pb_decode_delimited
 .text.pb_decode_svarint
                0x0800c898       0x42 build/pb_decode.o
                0x0800c898                pb_decode_svarint
 *fill*         0x0800c8da        0x2 
 .text.pb_dec_svarint
                0x0800c8dc       0x84 build/pb_decode.o
 .text.pb_decode_fixed32
                0x0800c960       0x38 build/pb_decode.o
                0x0800c960                pb_decode_fixed32
 .text.pb_dec_fixed32
                0x0800c998        0xa build/pb_decode.o
 .text.pb_decode_fixed64
                0x0800c9a2       0x54 build/pb_decode.o
                0x0800c9a2                pb_decode_fixed64
 .text.pb_dec_fixed64
                0x0800c9f6        0xa build/pb_decode.o
 .text.encode_callback_field
                0x0800ca00       0x2c build/pb_encode.o
 .text.pb_const_cast
                0x0800ca2c        0x2 build/pb_encode.o
 .text.pb_check_proto3_default_value
                0x0800ca2e       0xce build/pb_encode.o
 .text.pb_write
                0x0800cafc       0x4c build/pb_encode.o
                0x0800cafc                pb_write
 .text.pb_encode_varint
                0x0800cb48       0x5e build/pb_encode.o
                0x0800cb48                pb_encode_varint
 *fill*         0x0800cba6        0x2 
 .text.pb_enc_uvarint
                0x0800cba8       0x44 build/pb_encode.o
 .text.pb_enc_varint
                0x0800cbec       0x48 build/pb_encode.o
 .text.pb_encode_svarint
                0x0800cc34       0x28 build/pb_encode.o
                0x0800cc34                pb_encode_svarint
 .text.pb_enc_svarint
                0x0800cc5c       0x48 build/pb_encode.o
 .text.pb_encode_fixed32
                0x0800cca4       0x30 build/pb_encode.o
                0x0800cca4                pb_encode_fixed32
 .text.pb_enc_fixed32
                0x0800ccd4        0xa build/pb_encode.o
 .text.pb_encode_fixed64
                0x0800ccde       0x4a build/pb_encode.o
                0x0800ccde                pb_encode_fixed64
 .text.pb_enc_fixed64
                0x0800cd28        0xa build/pb_encode.o
 .text.pb_encode_tag
                0x0800cd32       0x10 build/pb_encode.o
                0x0800cd32                pb_encode_tag
 *fill*         0x0800cd42        0x2 
 .text.pb_encode_tag_for_field
                0x0800cd44       0x44 build/pb_encode.o
                0x0800cd44                pb_encode_tag_for_field
 .text.encode_array
                0x0800cd88      0x13c build/pb_encode.o
 .text.encode_basic_field
                0x0800cec4      0x120 build/pb_encode.o
 .text.encode_field
                0x0800cfe4       0x30 build/pb_encode.o
 .text.default_extension_encoder
                0x0800d014       0x22 build/pb_encode.o
 .text.encode_extension_field
                0x0800d036       0x2a build/pb_encode.o
 .text.pb_encode
                0x0800d060       0x58 build/pb_encode.o
                0x0800d060                pb_encode
 .text.pb_encode_string
                0x0800d0b8       0x24 build/pb_encode.o
                0x0800d0b8                pb_encode_string
 .text.pb_enc_fixed_length_bytes
                0x0800d0dc       0x10 build/pb_encode.o
 .text.pb_enc_string
                0x0800d0ec       0x3a build/pb_encode.o
 *fill*         0x0800d126        0x2 
 .text.pb_enc_bytes
                0x0800d128       0x40 build/pb_encode.o
 .text.pb_encode_submessage
                0x0800d168       0xa8 build/pb_encode.o
                0x0800d168                pb_encode_submessage
 .text.pb_enc_submessage
                0x0800d210       0x20 build/pb_encode.o
 .text.HAL_CRC_Init
                0x0800d230       0x1e build/stm32f4xx_hal_crc.o
                0x0800d230                HAL_CRC_Init
 *fill*         0x0800d24e        0x2 
 .text.HAL_RCC_OscConfig
                0x0800d250      0x3ec build/stm32f4xx_hal_rcc.o
                0x0800d250                HAL_RCC_OscConfig
 .text.HAL_RCC_GetSysClockFreq
                0x0800d63c       0xd4 build/stm32f4xx_hal_rcc.o
                0x0800d63c                HAL_RCC_GetSysClockFreq
 .text.HAL_RCC_ClockConfig
                0x0800d710      0x160 build/stm32f4xx_hal_rcc.o
                0x0800d710                HAL_RCC_ClockConfig
 .text.HAL_RCC_GetHCLKFreq
                0x0800d870        0xc build/stm32f4xx_hal_rcc.o
                0x0800d870                HAL_RCC_GetHCLKFreq
 .text.HAL_RCC_GetPCLK1Freq
                0x0800d87c       0x20 build/stm32f4xx_hal_rcc.o
                0x0800d87c                HAL_RCC_GetPCLK1Freq
 .text.HAL_RCC_GetPCLK2Freq
                0x0800d89c       0x20 build/stm32f4xx_hal_rcc.o
                0x0800d89c                HAL_RCC_GetPCLK2Freq
 .text.HAL_GPIO_Init
                0x0800d8bc      0x1a4 build/stm32f4xx_hal_gpio.o
                0x0800d8bc                HAL_GPIO_Init
 .text.HAL_GPIO_WritePin
                0x0800da60        0xc build/stm32f4xx_hal_gpio.o
                0x0800da60                HAL_GPIO_WritePin
 .text.HAL_NVIC_SetPriorityGrouping
                0x0800da6c       0x24 build/stm32f4xx_hal_cortex.o
                0x0800da6c                HAL_NVIC_SetPriorityGrouping
 .text.HAL_NVIC_SetPriority
                0x0800da90       0x68 build/stm32f4xx_hal_cortex.o
                0x0800da90                HAL_NVIC_SetPriority
 .text.HAL_SYSTICK_Config
                0x0800daf8       0x2c build/stm32f4xx_hal_cortex.o
                0x0800daf8                HAL_SYSTICK_Config
 .text.HAL_InitTick
                0x0800db24       0x4c build/stm32f4xx_hal.o
                0x0800db24                HAL_InitTick
 .text.HAL_Init
                0x0800db70       0x34 build/stm32f4xx_hal.o
                0x0800db70                HAL_Init
 .text.HAL_IncTick
                0x0800dba4       0x18 build/stm32f4xx_hal.o
                0x0800dba4                HAL_IncTick
 .text.HAL_GetTick
                0x0800dbbc        0xc build/stm32f4xx_hal.o
                0x0800dbbc                HAL_GetTick
 .text.HAL_Delay
                0x0800dbc8       0x28 build/stm32f4xx_hal.o
                0x0800dbc8                HAL_Delay
 .text.HAL_GetHalVersion
                0x0800dbf0        0x8 build/stm32f4xx_hal.o
                0x0800dbf0                HAL_GetHalVersion
 .text.HAL_GetREVID
                0x0800dbf8        0xc build/stm32f4xx_hal.o
                0x0800dbf8                HAL_GetREVID
 .text.HAL_GetDEVID
                0x0800dc04       0x10 build/stm32f4xx_hal.o
                0x0800dc04                HAL_GetDEVID
 .text.UART_SetConfig
                0x0800dc14      0x1ec build/stm32f4xx_hal_uart.o
 .text.UART_WaitOnFlagUntilTimeout
                0x0800de00       0x62 build/stm32f4xx_hal_uart.o
 .text.HAL_UART_Init
                0x0800de62       0x5e build/stm32f4xx_hal_uart.o
                0x0800de62                HAL_UART_Init
 .text.HAL_UART_Transmit
                0x0800dec0       0xe2 build/stm32f4xx_hal_uart.o
                0x0800dec0                HAL_UART_Transmit
 .text.HAL_UART_Receive
                0x0800dfa2       0xe8 build/stm32f4xx_hal_uart.o
                0x0800dfa2                HAL_UART_Receive
 *fill*         0x0800e08a        0x2 
 .text.SystemInit
                0x0800e08c       0x1c build/system_stm32f4xx.o
                0x0800e08c                SystemInit
 .text.Reset_Handler
                0x0800e0a8       0x50 build/startup_stm32f401xe.o
                0x0800e0a8                Reset_Handler
 .text.Default_Handler
                0x0800e0f8        0x2 build/startup_stm32f401xe.o
                0x0800e0f8                RTC_Alarm_IRQHandler
                0x0800e0f8                EXTI2_IRQHandler
                0x0800e0f8                SPI4_IRQHandler
                0x0800e0f8                TIM1_CC_IRQHandler
                0x0800e0f8                DMA2_Stream5_IRQHandler
                0x0800e0f8                DMA1_Stream5_IRQHandler
                0x0800e0f8                PVD_IRQHandler
                0x0800e0f8                SDIO_IRQHandler
                0x0800e0f8                TAMP_STAMP_IRQHandler
                0x0800e0f8                EXTI3_IRQHandler
                0x0800e0f8                TIM1_UP_TIM10_IRQHandler
                0x0800e0f8                I2C3_ER_IRQHandler
                0x0800e0f8                EXTI0_IRQHandler
                0x0800e0f8                I2C2_EV_IRQHandler
                0x0800e0f8                DMA1_Stream2_IRQHandler
                0x0800e0f8                FPU_IRQHandler
                0x0800e0f8                DMA2_Stream2_IRQHandler
                0x0800e0f8                SPI1_IRQHandler
                0x0800e0f8                TIM1_BRK_TIM9_IRQHandler
                0x0800e0f8                DMA2_Stream3_IRQHandler
                0x0800e0f8                USART6_IRQHandler
                0x0800e0f8                DMA2_Stream0_IRQHandler
                0x0800e0f8                TIM4_IRQHandler
                0x0800e0f8                I2C1_EV_IRQHandler
                0x0800e0f8                DMA1_Stream6_IRQHandler
                0x0800e0f8                DMA1_Stream1_IRQHandler
                0x0800e0f8                TIM3_IRQHandler
                0x0800e0f8                RCC_IRQHandler
                0x0800e0f8                Default_Handler
                0x0800e0f8                EXTI15_10_IRQHandler
                0x0800e0f8                ADC_IRQHandler
                0x0800e0f8                DMA1_Stream7_IRQHandler
                0x0800e0f8                TIM5_IRQHandler
                0x0800e0f8                DMA2_Stream7_IRQHandler
                0x0800e0f8                I2C3_EV_IRQHandler
                0x0800e0f8                EXTI9_5_IRQHandler
                0x0800e0f8                RTC_WKUP_IRQHandler
                0x0800e0f8                SPI2_IRQHandler
                0x0800e0f8                DMA1_Stream0_IRQHandler
                0x0800e0f8                EXTI4_IRQHandler
                0x0800e0f8                WWDG_IRQHandler
                0x0800e0f8                TIM2_IRQHandler
                0x0800e0f8                OTG_FS_WKUP_IRQHandler
                0x0800e0f8                TIM1_TRG_COM_TIM11_IRQHandler
                0x0800e0f8                EXTI1_IRQHandler
                0x0800e0f8                USART2_IRQHandler
                0x0800e0f8                I2C2_ER_IRQHandler
                0x0800e0f8                DMA2_Stream1_IRQHandler
                0x0800e0f8                FLASH_IRQHandler
                0x0800e0f8                DMA2_Stream4_IRQHandler
                0x0800e0f8                USART1_IRQHandler
                0x0800e0f8                OTG_FS_IRQHandler
                0x0800e0f8                SPI3_IRQHandler
                0x0800e0f8                DMA1_Stream4_IRQHandler
                0x0800e0f8                I2C1_ER_IRQHandler
                0x0800e0f8                DMA2_Stream6_IRQHandler
                0x0800e0f8                DMA1_Stream3_IRQHandler
 *fill*         0x0800e0fa        0x2 
 .text.__errno  0x0800e0fc        0xc c:/program files (x86)/gnu tools arm embedded/8 2019-q3-update/bin/../lib/gcc/arm-none-eabi/8.3.1/../../../../arm-none-eabi/lib/thumb/v7e-m+fp/hard\libc_nano.a(lib_a-errno.o)
                0x0800e0fc                __errno
 .text.__libc_init_array
                0x0800e108       0x48 c:/program files (x86)/gnu tools arm embedded/8 2019-q3-update/bin/../lib/gcc/arm-none-eabi/8.3.1/../../../../arm-none-eabi/lib/thumb/v7e-m+fp/hard\libc_nano.a(lib_a-init.o)
                0x0800e108                __libc_init_array
 .text.malloc   0x0800e150       0x10 c:/program files (x86)/gnu tools arm embedded/8 2019-q3-update/bin/../lib/gcc/arm-none-eabi/8.3.1/../../../../arm-none-eabi/lib/thumb/v7e-m+fp/hard\libc_nano.a(lib_a-malloc.o)
                0x0800e150                malloc
 .text.free     0x0800e160       0x10 c:/program files (x86)/gnu tools arm embedded/8 2019-q3-update/bin/../lib/gcc/arm-none-eabi/8.3.1/../../../../arm-none-eabi/lib/thumb/v7e-m+fp/hard\libc_nano.a(lib_a-malloc.o)
                0x0800e160                free
 .text.memcpy   0x0800e170       0x1c c:/program files (x86)/gnu tools arm embedded/8 2019-q3-update/bin/../lib/gcc/arm-none-eabi/8.3.1/../../../../arm-none-eabi/lib/thumb/v7e-m+fp/hard\libc_nano.a(lib_a-memcpy-stub.o)
                0x0800e170                memcpy
 .text.memset   0x0800e18c       0x10 c:/program files (x86)/gnu tools arm embedded/8 2019-q3-update/bin/../lib/gcc/arm-none-eabi/8.3.1/../../../../arm-none-eabi/lib/thumb/v7e-m+fp/hard\libc_nano.a(lib_a-memset.o)
                0x0800e18c                memset
 .text._free_r  0x0800e19c       0x9c c:/program files (x86)/gnu tools arm embedded/8 2019-q3-update/bin/../lib/gcc/arm-none-eabi/8.3.1/../../../../arm-none-eabi/lib/thumb/v7e-m+fp/hard\libc_nano.a(lib_a-nano-freer.o)
                0x0800e19c                _free_r
 .text._malloc_r
                0x0800e238       0xb4 c:/program files (x86)/gnu tools arm embedded/8 2019-q3-update/bin/../lib/gcc/arm-none-eabi/8.3.1/../../../../arm-none-eabi/lib/thumb/v7e-m+fp/hard\libc_nano.a(lib_a-nano-mallocr.o)
                0x0800e238                _malloc_r
 .text.__cvt    0x0800e2ec       0xba c:/program files (x86)/gnu tools arm embedded/8 2019-q3-update/bin/../lib/gcc/arm-none-eabi/8.3.1/../../../../arm-none-eabi/lib/thumb/v7e-m+fp/hard\libc_nano.a(lib_a-nano-vfprintf_float.o)
                0x0800e2ec                __cvt
 .text.__exponent
                0x0800e3a6       0x64 c:/program files (x86)/gnu tools arm embedded/8 2019-q3-update/bin/../lib/gcc/arm-none-eabi/8.3.1/../../../../arm-none-eabi/lib/thumb/v7e-m+fp/hard\libc_nano.a(lib_a-nano-vfprintf_float.o)
                0x0800e3a6                __exponent
 *fill*         0x0800e40a        0x2 
 .text._printf_float
                0x0800e40c      0x454 c:/program files (x86)/gnu tools arm embedded/8 2019-q3-update/bin/../lib/gcc/arm-none-eabi/8.3.1/../../../../arm-none-eabi/lib/thumb/v7e-m+fp/hard\libc_nano.a(lib_a-nano-vfprintf_float.o)
                0x0800e40c                _printf_float
 .text._printf_common
                0x0800e860       0xea c:/program files (x86)/gnu tools arm embedded/8 2019-q3-update/bin/../lib/gcc/arm-none-eabi/8.3.1/../../../../arm-none-eabi/lib/thumb/v7e-m+fp/hard\libc_nano.a(lib_a-nano-vfprintf_i.o)
                0x0800e860                _printf_common
 *fill*         0x0800e94a        0x2 
 .text._printf_i
                0x0800e94c      0x228 c:/program files (x86)/gnu tools arm embedded/8 2019-q3-update/bin/../lib/gcc/arm-none-eabi/8.3.1/../../../../arm-none-eabi/lib/thumb/v7e-m+fp/hard\libc_nano.a(lib_a-nano-vfprintf_i.o)
                0x0800e94c                _printf_i
 .text.printf   0x0800eb74       0x30 c:/program files (x86)/gnu tools arm embedded/8 2019-q3-update/bin/../lib/gcc/arm-none-eabi/8.3.1/../../../../arm-none-eabi/lib/thumb/v7e-m+fp/hard\libc_nano.a(lib_a-printf.o)
                0x0800eb74                iprintf
                0x0800eb74                printf
 .text._puts_r  0x0800eba4       0xdc c:/program files (x86)/gnu tools arm embedded/8 2019-q3-update/bin/../lib/gcc/arm-none-eabi/8.3.1/../../../../arm-none-eabi/lib/thumb/v7e-m+fp/hard\libc_nano.a(lib_a-puts.o)
                0x0800eba4                _puts_r
 .text.puts     0x0800ec80       0x10 c:/program files (x86)/gnu tools arm embedded/8 2019-q3-update/bin/../lib/gcc/arm-none-eabi/8.3.1/../../../../arm-none-eabi/lib/thumb/v7e-m+fp/hard\libc_nano.a(lib_a-puts.o)
                0x0800ec80                puts
 .text._sbrk_r  0x0800ec90       0x20 c:/program files (x86)/gnu tools arm embedded/8 2019-q3-update/bin/../lib/gcc/arm-none-eabi/8.3.1/../../../../arm-none-eabi/lib/thumb/v7e-m+fp/hard\libc_nano.a(lib_a-sbrkr.o)
                0x0800ec90                _sbrk_r
 .text.strncmp  0x0800ecb0       0x24 c:/program files (x86)/gnu tools arm embedded/8 2019-q3-update/bin/../lib/gcc/arm-none-eabi/8.3.1/../../../../arm-none-eabi/lib/thumb/v7e-m+fp/hard\libc_nano.a(lib_a-strncmp.o)
                0x0800ecb0                strncmp
 .text.__swbuf_r
                0x0800ecd4       0xa4 c:/program files (x86)/gnu tools arm embedded/8 2019-q3-update/bin/../lib/gcc/arm-none-eabi/8.3.1/../../../../arm-none-eabi/lib/thumb/v7e-m+fp/hard\libc_nano.a(lib_a-wbuf.o)
                0x0800ecd4                __swbuf_r
 .text.__swsetup_r
                0x0800ed78       0xdc c:/program files (x86)/gnu tools arm embedded/8 2019-q3-update/bin/../lib/gcc/arm-none-eabi/8.3.1/../../../../arm-none-eabi/lib/thumb/v7e-m+fp/hard\libc_nano.a(lib_a-wsetup.o)
                0x0800ed78                __swsetup_r
 .text.quorem   0x0800ee54      0x112 c:/program files (x86)/gnu tools arm embedded/8 2019-q3-update/bin/../lib/gcc/arm-none-eabi/8.3.1/../../../../arm-none-eabi/lib/thumb/v7e-m+fp/hard\libc_nano.a(lib_a-dtoa.o)
 *fill*         0x0800ef66        0x2 
 .text._dtoa_r  0x0800ef68      0xb74 c:/program files (x86)/gnu tools arm embedded/8 2019-q3-update/bin/../lib/gcc/arm-none-eabi/8.3.1/../../../../arm-none-eabi/lib/thumb/v7e-m+fp/hard\libc_nano.a(lib_a-dtoa.o)
                0x0800ef68                _dtoa_r
 .text.__sflush_r
                0x0800fadc      0x10c c:/program files (x86)/gnu tools arm embedded/8 2019-q3-update/bin/../lib/gcc/arm-none-eabi/8.3.1/../../../../arm-none-eabi/lib/thumb/v7e-m+fp/hard\libc_nano.a(lib_a-fflush.o)
                0x0800fadc                __sflush_r
 .text._fflush_r
                0x0800fbe8       0x78 c:/program files (x86)/gnu tools arm embedded/8 2019-q3-update/bin/../lib/gcc/arm-none-eabi/8.3.1/../../../../arm-none-eabi/lib/thumb/v7e-m+fp/hard\libc_nano.a(lib_a-fflush.o)
                0x0800fbe8                _fflush_r
 .text.std      0x0800fc60       0x48 c:/program files (x86)/gnu tools arm embedded/8 2019-q3-update/bin/../lib/gcc/arm-none-eabi/8.3.1/../../../../arm-none-eabi/lib/thumb/v7e-m+fp/hard\libc_nano.a(lib_a-findfp.o)
 .text._cleanup_r
                0x0800fca8        0xc c:/program files (x86)/gnu tools arm embedded/8 2019-q3-update/bin/../lib/gcc/arm-none-eabi/8.3.1/../../../../arm-none-eabi/lib/thumb/v7e-m+fp/hard\libc_nano.a(lib_a-findfp.o)
                0x0800fca8                _cleanup_r
 .text.__sfmoreglue
                0x0800fcb4       0x2c c:/program files (x86)/gnu tools arm embedded/8 2019-q3-update/bin/../lib/gcc/arm-none-eabi/8.3.1/../../../../arm-none-eabi/lib/thumb/v7e-m+fp/hard\libc_nano.a(lib_a-findfp.o)
                0x0800fcb4                __sfmoreglue
 .text.__sfp_lock_acquire
                0x0800fce0        0xc c:/program files (x86)/gnu tools arm embedded/8 2019-q3-update/bin/../lib/gcc/arm-none-eabi/8.3.1/../../../../arm-none-eabi/lib/thumb/v7e-m+fp/hard\libc_nano.a(lib_a-findfp.o)
                0x0800fce0                __sfp_lock_acquire
 .text.__sfp_lock_release
                0x0800fcec        0xc c:/program files (x86)/gnu tools arm embedded/8 2019-q3-update/bin/../lib/gcc/arm-none-eabi/8.3.1/../../../../arm-none-eabi/lib/thumb/v7e-m+fp/hard\libc_nano.a(lib_a-findfp.o)
                0x0800fcec                __sfp_lock_release
 .text.__sinit_lock_acquire
                0x0800fcf8        0xc c:/program files (x86)/gnu tools arm embedded/8 2019-q3-update/bin/../lib/gcc/arm-none-eabi/8.3.1/../../../../arm-none-eabi/lib/thumb/v7e-m+fp/hard\libc_nano.a(lib_a-findfp.o)
                0x0800fcf8                __sinit_lock_acquire
 .text.__sinit_lock_release
                0x0800fd04        0xc c:/program files (x86)/gnu tools arm embedded/8 2019-q3-update/bin/../lib/gcc/arm-none-eabi/8.3.1/../../../../arm-none-eabi/lib/thumb/v7e-m+fp/hard\libc_nano.a(lib_a-findfp.o)
                0x0800fd04                __sinit_lock_release
 .text.__sinit  0x0800fd10       0x70 c:/program files (x86)/gnu tools arm embedded/8 2019-q3-update/bin/../lib/gcc/arm-none-eabi/8.3.1/../../../../arm-none-eabi/lib/thumb/v7e-m+fp/hard\libc_nano.a(lib_a-findfp.o)
                0x0800fd10                __sinit
 .text.__sfp    0x0800fd80       0x8c c:/program files (x86)/gnu tools arm embedded/8 2019-q3-update/bin/../lib/gcc/arm-none-eabi/8.3.1/../../../../arm-none-eabi/lib/thumb/v7e-m+fp/hard\libc_nano.a(lib_a-findfp.o)
                0x0800fd80                __sfp
 .text._fwalk_reent
                0x0800fe0c       0x3c c:/program files (x86)/gnu tools arm embedded/8 2019-q3-update/bin/../lib/gcc/arm-none-eabi/8.3.1/../../../../arm-none-eabi/lib/thumb/v7e-m+fp/hard\libc_nano.a(lib_a-fwalk.o)
                0x0800fe0c                _fwalk_reent
 .text._localeconv_r
                0x0800fe48        0x8 c:/program files (x86)/gnu tools arm embedded/8 2019-q3-update/bin/../lib/gcc/arm-none-eabi/8.3.1/../../../../arm-none-eabi/lib/thumb/v7e-m+fp/hard\libc_nano.a(lib_a-localeconv.o)
                0x0800fe48                _localeconv_r
 .text.__retarget_lock_init_recursive
                0x0800fe50        0x2 c:/program files (x86)/gnu tools arm embedded/8 2019-q3-update/bin/../lib/gcc/arm-none-eabi/8.3.1/../../../../arm-none-eabi/lib/thumb/v7e-m+fp/hard\libc_nano.a(lib_a-lock.o)
                0x0800fe50                __retarget_lock_init_recursive
 .text.__retarget_lock_acquire_recursive
                0x0800fe52        0x2 c:/program files (x86)/gnu tools arm embedded/8 2019-q3-update/bin/../lib/gcc/arm-none-eabi/8.3.1/../../../../arm-none-eabi/lib/thumb/v7e-m+fp/hard\libc_nano.a(lib_a-lock.o)
                0x0800fe52                __retarget_lock_acquire_recursive
 .text.__retarget_lock_release_recursive
                0x0800fe54        0x2 c:/program files (x86)/gnu tools arm embedded/8 2019-q3-update/bin/../lib/gcc/arm-none-eabi/8.3.1/../../../../arm-none-eabi/lib/thumb/v7e-m+fp/hard\libc_nano.a(lib_a-lock.o)
                0x0800fe54                __retarget_lock_release_recursive
 .text.__swhatbuf_r
                0x0800fe56       0x48 c:/program files (x86)/gnu tools arm embedded/8 2019-q3-update/bin/../lib/gcc/arm-none-eabi/8.3.1/../../../../arm-none-eabi/lib/thumb/v7e-m+fp/hard\libc_nano.a(lib_a-makebuf.o)
                0x0800fe56                __swhatbuf_r
 *fill*         0x0800fe9e        0x2 
 .text.__smakebuf_r
                0x0800fea0       0x80 c:/program files (x86)/gnu tools arm embedded/8 2019-q3-update/bin/../lib/gcc/arm-none-eabi/8.3.1/../../../../arm-none-eabi/lib/thumb/v7e-m+fp/hard\libc_nano.a(lib_a-makebuf.o)
                0x0800fea0                __smakebuf_r
 .text.__malloc_lock
                0x0800ff20        0xc c:/program files (x86)/gnu tools arm embedded/8 2019-q3-update/bin/../lib/gcc/arm-none-eabi/8.3.1/../../../../arm-none-eabi/lib/thumb/v7e-m+fp/hard\libc_nano.a(lib_a-mlock.o)
                0x0800ff20                __malloc_lock
 .text.__malloc_unlock
                0x0800ff2c        0xc c:/program files (x86)/gnu tools arm embedded/8 2019-q3-update/bin/../lib/gcc/arm-none-eabi/8.3.1/../../../../arm-none-eabi/lib/thumb/v7e-m+fp/hard\libc_nano.a(lib_a-mlock.o)
                0x0800ff2c                __malloc_unlock
 .text._Balloc  0x0800ff38       0x68 c:/program files (x86)/gnu tools arm embedded/8 2019-q3-update/bin/../lib/gcc/arm-none-eabi/8.3.1/../../../../arm-none-eabi/lib/thumb/v7e-m+fp/hard\libc_nano.a(lib_a-mprec.o)
                0x0800ff38                _Balloc
 .text._Bfree   0x0800ffa0       0x2e c:/program files (x86)/gnu tools arm embedded/8 2019-q3-update/bin/../lib/gcc/arm-none-eabi/8.3.1/../../../../arm-none-eabi/lib/thumb/v7e-m+fp/hard\libc_nano.a(lib_a-mprec.o)
                0x0800ffa0                _Bfree
 .text.__multadd
                0x0800ffce       0x76 c:/program files (x86)/gnu tools arm embedded/8 2019-q3-update/bin/../lib/gcc/arm-none-eabi/8.3.1/../../../../arm-none-eabi/lib/thumb/v7e-m+fp/hard\libc_nano.a(lib_a-mprec.o)
                0x0800ffce                __multadd
 .text.__hi0bits
                0x08010044       0x40 c:/program files (x86)/gnu tools arm embedded/8 2019-q3-update/bin/../lib/gcc/arm-none-eabi/8.3.1/../../../../arm-none-eabi/lib/thumb/v7e-m+fp/hard\libc_nano.a(lib_a-mprec.o)
                0x08010044                __hi0bits
 .text.__lo0bits
                0x08010084       0x60 c:/program files (x86)/gnu tools arm embedded/8 2019-q3-update/bin/../lib/gcc/arm-none-eabi/8.3.1/../../../../arm-none-eabi/lib/thumb/v7e-m+fp/hard\libc_nano.a(lib_a-mprec.o)
                0x08010084                __lo0bits
 .text.__i2b    0x080100e4       0x12 c:/program files (x86)/gnu tools arm embedded/8 2019-q3-update/bin/../lib/gcc/arm-none-eabi/8.3.1/../../../../arm-none-eabi/lib/thumb/v7e-m+fp/hard\libc_nano.a(lib_a-mprec.o)
                0x080100e4                __i2b
 .text.__multiply
                0x080100f6      0x120 c:/program files (x86)/gnu tools arm embedded/8 2019-q3-update/bin/../lib/gcc/arm-none-eabi/8.3.1/../../../../arm-none-eabi/lib/thumb/v7e-m+fp/hard\libc_nano.a(lib_a-mprec.o)
                0x080100f6                __multiply
 *fill*         0x08010216        0x2 
 .text.__pow5mult
                0x08010218       0x9c c:/program files (x86)/gnu tools arm embedded/8 2019-q3-update/bin/../lib/gcc/arm-none-eabi/8.3.1/../../../../arm-none-eabi/lib/thumb/v7e-m+fp/hard\libc_nano.a(lib_a-mprec.o)
                0x08010218                __pow5mult
 .text.__lshift
                0x080102b4       0xa6 c:/program files (x86)/gnu tools arm embedded/8 2019-q3-update/bin/../lib/gcc/arm-none-eabi/8.3.1/../../../../arm-none-eabi/lib/thumb/v7e-m+fp/hard\libc_nano.a(lib_a-mprec.o)
                0x080102b4                __lshift
 .text.__mcmp   0x0801035a       0x34 c:/program files (x86)/gnu tools arm embedded/8 2019-q3-update/bin/../lib/gcc/arm-none-eabi/8.3.1/../../../../arm-none-eabi/lib/thumb/v7e-m+fp/hard\libc_nano.a(lib_a-mprec.o)
                0x0801035a                __mcmp
 .text.__mdiff  0x0801038e       0xba c:/program files (x86)/gnu tools arm embedded/8 2019-q3-update/bin/../lib/gcc/arm-none-eabi/8.3.1/../../../../arm-none-eabi/lib/thumb/v7e-m+fp/hard\libc_nano.a(lib_a-mprec.o)
                0x0801038e                __mdiff
 .text.__d2b    0x08010448       0x9c c:/program files (x86)/gnu tools arm embedded/8 2019-q3-update/bin/../lib/gcc/arm-none-eabi/8.3.1/../../../../arm-none-eabi/lib/thumb/v7e-m+fp/hard\libc_nano.a(lib_a-mprec.o)
                0x08010448                __d2b
 .text._calloc_r
                0x080104e4       0x1c c:/program files (x86)/gnu tools arm embedded/8 2019-q3-update/bin/../lib/gcc/arm-none-eabi/8.3.1/../../../../arm-none-eabi/lib/thumb/v7e-m+fp/hard\libc_nano.a(lib_a-nano-callocr.o)
                0x080104e4                _calloc_r
 .text.__sfputc_r
                0x08010500       0x2e c:/program files (x86)/gnu tools arm embedded/8 2019-q3-update/bin/../lib/gcc/arm-none-eabi/8.3.1/../../../../arm-none-eabi/lib/thumb/v7e-m+fp/hard\libc_nano.a(lib_a-nano-vfprintf.o)
 .text.__sfputs_r
                0x0801052e       0x24 c:/program files (x86)/gnu tools arm embedded/8 2019-q3-update/bin/../lib/gcc/arm-none-eabi/8.3.1/../../../../arm-none-eabi/lib/thumb/v7e-m+fp/hard\libc_nano.a(lib_a-nano-vfprintf.o)
                0x0801052e                __sfputs_r
 *fill*         0x08010552        0x2 
 .text._vfprintf_r
                0x08010554      0x250 c:/program files (x86)/gnu tools arm embedded/8 2019-q3-update/bin/../lib/gcc/arm-none-eabi/8.3.1/../../../../arm-none-eabi/lib/thumb/v7e-m+fp/hard\libc_nano.a(lib_a-nano-vfprintf.o)
                0x08010554                _vfprintf_r
                0x08010554                _vfiprintf_r
 .text.__sread  0x080107a4       0x22 c:/program files (x86)/gnu tools arm embedded/8 2019-q3-update/bin/../lib/gcc/arm-none-eabi/8.3.1/../../../../arm-none-eabi/lib/thumb/v7e-m+fp/hard\libc_nano.a(lib_a-stdio.o)
                0x080107a4                __sread
 .text.__swrite
                0x080107c6       0x38 c:/program files (x86)/gnu tools arm embedded/8 2019-q3-update/bin/../lib/gcc/arm-none-eabi/8.3.1/../../../../arm-none-eabi/lib/thumb/v7e-m+fp/hard\libc_nano.a(lib_a-stdio.o)
                0x080107c6                __swrite
 .text.__sseek  0x080107fe       0x24 c:/program files (x86)/gnu tools arm embedded/8 2019-q3-update/bin/../lib/gcc/arm-none-eabi/8.3.1/../../../../arm-none-eabi/lib/thumb/v7e-m+fp/hard\libc_nano.a(lib_a-stdio.o)
                0x080107fe                __sseek
 .text.__sclose
                0x08010822        0x8 c:/program files (x86)/gnu tools arm embedded/8 2019-q3-update/bin/../lib/gcc/arm-none-eabi/8.3.1/../../../../arm-none-eabi/lib/thumb/v7e-m+fp/hard\libc_nano.a(lib_a-stdio.o)
                0x08010822                __sclose
 *fill*         0x0801082a        0x2 
 .text._write_r
                0x0801082c       0x24 c:/program files (x86)/gnu tools arm embedded/8 2019-q3-update/bin/../lib/gcc/arm-none-eabi/8.3.1/../../../../arm-none-eabi/lib/thumb/v7e-m+fp/hard\libc_nano.a(lib_a-writer.o)
                0x0801082c                _write_r
 .text._close_r
                0x08010850       0x20 c:/program files (x86)/gnu tools arm embedded/8 2019-q3-update/bin/../lib/gcc/arm-none-eabi/8.3.1/../../../../arm-none-eabi/lib/thumb/v7e-m+fp/hard\libc_nano.a(lib_a-closer.o)
                0x08010850                _close_r
 .text._fstat_r
                0x08010870       0x24 c:/program files (x86)/gnu tools arm embedded/8 2019-q3-update/bin/../lib/gcc/arm-none-eabi/8.3.1/../../../../arm-none-eabi/lib/thumb/v7e-m+fp/hard\libc_nano.a(lib_a-fstatr.o)
                0x08010870                _fstat_r
 .text._isatty_r
                0x08010894       0x20 c:/program files (x86)/gnu tools arm embedded/8 2019-q3-update/bin/../lib/gcc/arm-none-eabi/8.3.1/../../../../arm-none-eabi/lib/thumb/v7e-m+fp/hard\libc_nano.a(lib_a-isattyr.o)
                0x08010894                _isatty_r
 .text._lseek_r
                0x080108b4       0x24 c:/program files (x86)/gnu tools arm embedded/8 2019-q3-update/bin/../lib/gcc/arm-none-eabi/8.3.1/../../../../arm-none-eabi/lib/thumb/v7e-m+fp/hard\libc_nano.a(lib_a-lseekr.o)
                0x080108b4                _lseek_r
 .text.__ascii_mbtowc
                0x080108d8       0x24 c:/program files (x86)/gnu tools arm embedded/8 2019-q3-update/bin/../lib/gcc/arm-none-eabi/8.3.1/../../../../arm-none-eabi/lib/thumb/v7e-m+fp/hard\libc_nano.a(lib_a-mbtowc_r.o)
                0x080108d8                __ascii_mbtowc
 .text._realloc_r
                0x080108fc       0x4c c:/program files (x86)/gnu tools arm embedded/8 2019-q3-update/bin/../lib/gcc/arm-none-eabi/8.3.1/../../../../arm-none-eabi/lib/thumb/v7e-m+fp/hard\libc_nano.a(lib_a-nano-reallocr.o)
                0x080108fc                _realloc_r
 .text._read_r  0x08010948       0x24 c:/program files (x86)/gnu tools arm embedded/8 2019-q3-update/bin/../lib/gcc/arm-none-eabi/8.3.1/../../../../arm-none-eabi/lib/thumb/v7e-m+fp/hard\libc_nano.a(lib_a-readr.o)
                0x08010948                _read_r
 .text.__ascii_wctomb
                0x0801096c       0x1a c:/program files (x86)/gnu tools arm embedded/8 2019-q3-update/bin/../lib/gcc/arm-none-eabi/8.3.1/../../../../arm-none-eabi/lib/thumb/v7e-m+fp/hard\libc_nano.a(lib_a-wctomb_r.o)
                0x0801096c                __ascii_wctomb
 .text._malloc_usable_size_r
                0x08010986       0x10 c:/program files (x86)/gnu tools arm embedded/8 2019-q3-update/bin/../lib/gcc/arm-none-eabi/8.3.1/../../../../arm-none-eabi/lib/thumb/v7e-m+fp/hard\libc_nano.a(lib_a-nano-msizer.o)
                0x08010986                _malloc_usable_size_r
 *fill*         0x08010996        0x2 
 .text._close   0x08010998       0x10 c:/program files (x86)/gnu tools arm embedded/8 2019-q3-update/bin/../lib/gcc/arm-none-eabi/8.3.1/../../../../arm-none-eabi/lib/thumb/v7e-m+fp/hard\libnosys.a(close.o)
                0x08010998                _close
 .text._fstat   0x080109a8       0x10 c:/program files (x86)/gnu tools arm embedded/8 2019-q3-update/bin/../lib/gcc/arm-none-eabi/8.3.1/../../../../arm-none-eabi/lib/thumb/v7e-m+fp/hard\libnosys.a(fstat.o)
                0x080109a8                _fstat
 .text._isatty  0x080109b8       0x10 c:/program files (x86)/gnu tools arm embedded/8 2019-q3-update/bin/../lib/gcc/arm-none-eabi/8.3.1/../../../../arm-none-eabi/lib/thumb/v7e-m+fp/hard\libnosys.a(isatty.o)
                0x080109b8                _isatty
 .text._lseek   0x080109c8       0x10 c:/program files (x86)/gnu tools arm embedded/8 2019-q3-update/bin/../lib/gcc/arm-none-eabi/8.3.1/../../../../arm-none-eabi/lib/thumb/v7e-m+fp/hard\libnosys.a(lseek.o)
                0x080109c8                _lseek
 .text._read    0x080109d8       0x10 c:/program files (x86)/gnu tools arm embedded/8 2019-q3-update/bin/../lib/gcc/arm-none-eabi/8.3.1/../../../../arm-none-eabi/lib/thumb/v7e-m+fp/hard\libnosys.a(read.o)
                0x080109d8                _read
 .text._sbrk    0x080109e8       0x1c c:/program files (x86)/gnu tools arm embedded/8 2019-q3-update/bin/../lib/gcc/arm-none-eabi/8.3.1/../../../../arm-none-eabi/lib/thumb/v7e-m+fp/hard\libnosys.a(sbrk.o)
                0x080109e8                _sbrk
 .text.__aeabi_memclr
                0x08010a04        0x6 c:/program files (x86)/gnu tools arm embedded/8 2019-q3-update/bin/../lib/gcc/arm-none-eabi/8.3.1/../../../../arm-none-eabi/lib/thumb/v7e-m+fp/hard\libc_nano.a(lib_a-aeabi_memclr.o)
                0x08010a04                __aeabi_memclr
                0x08010a04                __aeabi_memclr4
                0x08010a04                __aeabi_memclr8
 .text.__aeabi_memcpy
                0x08010a0a        0x4 c:/program files (x86)/gnu tools arm embedded/8 2019-q3-update/bin/../lib/gcc/arm-none-eabi/8.3.1/../../../../arm-none-eabi/lib/thumb/v7e-m+fp/hard\libc_nano.a(lib_a-aeabi_memcpy.o)
                0x08010a0a                __aeabi_memcpy4
                0x08010a0a                __aeabi_memcpy8
                0x08010a0a                __aeabi_memcpy
 .text.memcmp   0x08010a0e       0x1c c:/program files (x86)/gnu tools arm embedded/8 2019-q3-update/bin/../lib/gcc/arm-none-eabi/8.3.1/../../../../arm-none-eabi/lib/thumb/v7e-m+fp/hard\libc_nano.a(lib_a-memcmp.o)
                0x08010a0e                memcmp
 *fill*         0x08010a2a        0x2 
 .text.realloc  0x08010a2c       0x10 c:/program files (x86)/gnu tools arm embedded/8 2019-q3-update/bin/../lib/gcc/arm-none-eabi/8.3.1/../../../../arm-none-eabi/lib/thumb/v7e-m+fp/hard\libc_nano.a(lib_a-realloc.o)
                0x08010a2c                realloc
 .text.asinhf   0x08010a3c       0xcc c:/program files (x86)/gnu tools arm embedded/8 2019-q3-update/bin/../lib/gcc/arm-none-eabi/8.3.1/../../../../arm-none-eabi/lib/thumb/v7e-m+fp/hard\libm.a(lib_a-sf_asinh.o)
                0x08010a3c                asinhf
 .text.atanf    0x08010b08      0x1a4 c:/program files (x86)/gnu tools arm embedded/8 2019-q3-update/bin/../lib/gcc/arm-none-eabi/8.3.1/../../../../arm-none-eabi/lib/thumb/v7e-m+fp/hard\libm.a(lib_a-sf_atan.o)
                0x08010b08                atanf
 .text.ceilf    0x08010cac       0x88 c:/program files (x86)/gnu tools arm embedded/8 2019-q3-update/bin/../lib/gcc/arm-none-eabi/8.3.1/../../../../arm-none-eabi/lib/thumb/v7e-m+fp/hard\libm.a(lib_a-sf_ceil.o)
                0x08010cac                ceilf
 .text.cosf     0x08010d34       0x90 c:/program files (x86)/gnu tools arm embedded/8 2019-q3-update/bin/../lib/gcc/arm-none-eabi/8.3.1/../../../../arm-none-eabi/lib/thumb/v7e-m+fp/hard\libm.a(lib_a-sf_cos.o)
                0x08010d34                cosf
 .text.erff     0x08010dc4      0x3f8 c:/program files (x86)/gnu tools arm embedded/8 2019-q3-update/bin/../lib/gcc/arm-none-eabi/8.3.1/../../../../arm-none-eabi/lib/thumb/v7e-m+fp/hard\libm.a(lib_a-sf_erf.o)
                0x08010dc4                erff
 .text.fabsf    0x080111bc       0x10 c:/program files (x86)/gnu tools arm embedded/8 2019-q3-update/bin/../lib/gcc/arm-none-eabi/8.3.1/../../../../arm-none-eabi/lib/thumb/v7e-m+fp/hard\libm.a(lib_a-sf_fabs.o)
                0x080111bc                fabsf
 .text.floorf   0x080111cc       0x88 c:/program files (x86)/gnu tools arm embedded/8 2019-q3-update/bin/../lib/gcc/arm-none-eabi/8.3.1/../../../../arm-none-eabi/lib/thumb/v7e-m+fp/hard\libm.a(lib_a-sf_floor.o)
                0x080111cc                floorf
 .text.log1pf   0x08011254      0x234 c:/program files (x86)/gnu tools arm embedded/8 2019-q3-update/bin/../lib/gcc/arm-none-eabi/8.3.1/../../../../arm-none-eabi/lib/thumb/v7e-m+fp/hard\libm.a(lib_a-sf_log1p.o)
                0x08011254                log1pf
 .text.roundf   0x08011488       0x60 c:/program files (x86)/gnu tools arm embedded/8 2019-q3-update/bin/../lib/gcc/arm-none-eabi/8.3.1/../../../../arm-none-eabi/lib/thumb/v7e-m+fp/hard\libm.a(lib_a-sf_round.o)
                0x08011488                roundf
 .text.sinf     0x080114e8       0x94 c:/program files (x86)/gnu tools arm embedded/8 2019-q3-update/bin/../lib/gcc/arm-none-eabi/8.3.1/../../../../arm-none-eabi/lib/thumb/v7e-m+fp/hard\libm.a(lib_a-sf_sin.o)
                0x080114e8                sinf
 .text.tanf     0x0801157c       0x5c c:/program files (x86)/gnu tools arm embedded/8 2019-q3-update/bin/../lib/gcc/arm-none-eabi/8.3.1/../../../../arm-none-eabi/lib/thumb/v7e-m+fp/hard\libm.a(lib_a-sf_tan.o)
                0x0801157c                tanf
 .text.tanhf    0x080115d8       0xac c:/program files (x86)/gnu tools arm embedded/8 2019-q3-update/bin/../lib/gcc/arm-none-eabi/8.3.1/../../../../arm-none-eabi/lib/thumb/v7e-m+fp/hard\libm.a(lib_a-sf_tanh.o)
                0x080115d8                tanhf
 .text.acosf    0x08011684       0x64 c:/program files (x86)/gnu tools arm embedded/8 2019-q3-update/bin/../lib/gcc/arm-none-eabi/8.3.1/../../../../arm-none-eabi/lib/thumb/v7e-m+fp/hard\libm.a(lib_a-wf_acos.o)
                0x08011684                acosf
 .text.acoshf   0x080116e8       0x54 c:/program files (x86)/gnu tools arm embedded/8 2019-q3-update/bin/../lib/gcc/arm-none-eabi/8.3.1/../../../../arm-none-eabi/lib/thumb/v7e-m+fp/hard\libm.a(lib_a-wf_acosh.o)
                0x080116e8                acoshf
 .text.asinf    0x0801173c       0x64 c:/program files (x86)/gnu tools arm embedded/8 2019-q3-update/bin/../lib/gcc/arm-none-eabi/8.3.1/../../../../arm-none-eabi/lib/thumb/v7e-m+fp/hard\libm.a(lib_a-wf_asin.o)
                0x0801173c                asinf
 .text.atanhf   0x080117a0       0x7c c:/program files (x86)/gnu tools arm embedded/8 2019-q3-update/bin/../lib/gcc/arm-none-eabi/8.3.1/../../../../arm-none-eabi/lib/thumb/v7e-m+fp/hard\libm.a(lib_a-wf_atanh.o)
                0x080117a0                atanhf
 .text.coshf    0x0801181c       0x68 c:/program files (x86)/gnu tools arm embedded/8 2019-q3-update/bin/../lib/gcc/arm-none-eabi/8.3.1/../../../../arm-none-eabi/lib/thumb/v7e-m+fp/hard\libm.a(lib_a-wf_cosh.o)
                0x0801181c                coshf
 .text.expf     0x08011884       0x7c c:/program files (x86)/gnu tools arm embedded/8 2019-q3-update/bin/../lib/gcc/arm-none-eabi/8.3.1/../../../../arm-none-eabi/lib/thumb/v7e-m+fp/hard\libm.a(lib_a-wf_exp.o)
                0x08011884                expf
 .text.fmodf    0x08011900       0x60 c:/program files (x86)/gnu tools arm embedded/8 2019-q3-update/bin/../lib/gcc/arm-none-eabi/8.3.1/../../../../arm-none-eabi/lib/thumb/v7e-m+fp/hard\libm.a(lib_a-wf_fmod.o)
                0x08011900                fmodf
 .text.logf     0x08011960       0x6c c:/program files (x86)/gnu tools arm embedded/8 2019-q3-update/bin/../lib/gcc/arm-none-eabi/8.3.1/../../../../arm-none-eabi/lib/thumb/v7e-m+fp/hard\libm.a(lib_a-wf_log.o)
                0x08011960                logf
 .text.powf     0x080119cc      0x140 c:/program files (x86)/gnu tools arm embedded/8 2019-q3-update/bin/../lib/gcc/arm-none-eabi/8.3.1/../../../../arm-none-eabi/lib/thumb/v7e-m+fp/hard\libm.a(lib_a-wf_pow.o)
                0x080119cc                powf
 .text.sinhf    0x08011b0c       0x6c c:/program files (x86)/gnu tools arm embedded/8 2019-q3-update/bin/../lib/gcc/arm-none-eabi/8.3.1/../../../../arm-none-eabi/lib/thumb/v7e-m+fp/hard\libm.a(lib_a-wf_sinh.o)
                0x08011b0c                sinhf
 .text.__ieee754_acosf
                0x08011b78      0x240 c:/program files (x86)/gnu tools arm embedded/8 2019-q3-update/bin/../lib/gcc/arm-none-eabi/8.3.1/../../../../arm-none-eabi/lib/thumb/v7e-m+fp/hard\libm.a(lib_a-ef_acos.o)
                0x08011b78                __ieee754_acosf
 .text.__ieee754_acoshf
                0x08011db8       0xb8 c:/program files (x86)/gnu tools arm embedded/8 2019-q3-update/bin/../lib/gcc/arm-none-eabi/8.3.1/../../../../arm-none-eabi/lib/thumb/v7e-m+fp/hard\libm.a(lib_a-ef_acosh.o)
                0x08011db8                __ieee754_acoshf
 .text.__ieee754_asinf
                0x08011e70      0x1f8 c:/program files (x86)/gnu tools arm embedded/8 2019-q3-update/bin/../lib/gcc/arm-none-eabi/8.3.1/../../../../arm-none-eabi/lib/thumb/v7e-m+fp/hard\libm.a(lib_a-ef_asin.o)
                0x08011e70                __ieee754_asinf
 .text.__ieee754_atanhf
                0x08012068       0xb0 c:/program files (x86)/gnu tools arm embedded/8 2019-q3-update/bin/../lib/gcc/arm-none-eabi/8.3.1/../../../../arm-none-eabi/lib/thumb/v7e-m+fp/hard\libm.a(lib_a-ef_atanh.o)
                0x08012068                __ieee754_atanhf
 .text.__ieee754_coshf
                0x08012118       0xd8 c:/program files (x86)/gnu tools arm embedded/8 2019-q3-update/bin/../lib/gcc/arm-none-eabi/8.3.1/../../../../arm-none-eabi/lib/thumb/v7e-m+fp/hard\libm.a(lib_a-ef_cosh.o)
                0x08012118                __ieee754_coshf
 .text.__ieee754_expf
                0x080121f0      0x1f0 c:/program files (x86)/gnu tools arm embedded/8 2019-q3-update/bin/../lib/gcc/arm-none-eabi/8.3.1/../../../../arm-none-eabi/lib/thumb/v7e-m+fp/hard\libm.a(lib_a-ef_exp.o)
                0x080121f0                __ieee754_expf
 .text.__ieee754_fmodf
                0x080123e0      0x128 c:/program files (x86)/gnu tools arm embedded/8 2019-q3-update/bin/../lib/gcc/arm-none-eabi/8.3.1/../../../../arm-none-eabi/lib/thumb/v7e-m+fp/hard\libm.a(lib_a-ef_fmod.o)
                0x080123e0                __ieee754_fmodf
 .text.__ieee754_logf
                0x08012508      0x1f4 c:/program files (x86)/gnu tools arm embedded/8 2019-q3-update/bin/../lib/gcc/arm-none-eabi/8.3.1/../../../../arm-none-eabi/lib/thumb/v7e-m+fp/hard\libm.a(lib_a-ef_log.o)
                0x08012508                __ieee754_logf
 .text.__ieee754_powf
                0x080126fc      0x614 c:/program files (x86)/gnu tools arm embedded/8 2019-q3-update/bin/../lib/gcc/arm-none-eabi/8.3.1/../../../../arm-none-eabi/lib/thumb/v7e-m+fp/hard\libm.a(lib_a-ef_pow.o)
                0x080126fc                __ieee754_powf
 .text.__ieee754_rem_pio2f
                0x08012d10      0x298 c:/program files (x86)/gnu tools arm embedded/8 2019-q3-update/bin/../lib/gcc/arm-none-eabi/8.3.1/../../../../arm-none-eabi/lib/thumb/v7e-m+fp/hard\libm.a(lib_a-ef_rem_pio2.o)
                0x08012d10                __ieee754_rem_pio2f
 .text.__ieee754_sinhf
                0x08012fa8      0x100 c:/program files (x86)/gnu tools arm embedded/8 2019-q3-update/bin/../lib/gcc/arm-none-eabi/8.3.1/../../../../arm-none-eabi/lib/thumb/v7e-m+fp/hard\libm.a(lib_a-ef_sinh.o)
                0x08012fa8                __ieee754_sinhf
 .text.__ieee754_sqrtf
                0x080130a8        0x8 c:/program files (x86)/gnu tools arm embedded/8 2019-q3-update/bin/../lib/gcc/arm-none-eabi/8.3.1/../../../../arm-none-eabi/lib/thumb/v7e-m+fp/hard\libm.a(lib_a-ef_sqrt.o)
                0x080130a8                __ieee754_sqrtf
 .text.__kernel_cosf
                0x080130b0      0x104 c:/program files (x86)/gnu tools arm embedded/8 2019-q3-update/bin/../lib/gcc/arm-none-eabi/8.3.1/../../../../arm-none-eabi/lib/thumb/v7e-m+fp/hard\libm.a(lib_a-kf_cos.o)
                0x080130b0                __kernel_cosf
 .text.__kernel_rem_pio2f
                0x080131b4      0x664 c:/program files (x86)/gnu tools arm embedded/8 2019-q3-update/bin/../lib/gcc/arm-none-eabi/8.3.1/../../../../arm-none-eabi/lib/thumb/v7e-m+fp/hard\libm.a(lib_a-kf_rem_pio2.o)
                0x080131b4                __kernel_rem_pio2f
 .text.__kernel_sinf
                0x08013818       0x90 c:/program files (x86)/gnu tools arm embedded/8 2019-q3-update/bin/../lib/gcc/arm-none-eabi/8.3.1/../../../../arm-none-eabi/lib/thumb/v7e-m+fp/hard\libm.a(lib_a-kf_sin.o)
                0x08013818                __kernel_sinf
 .text.__kernel_tanf
                0x080138a8      0x1c8 c:/program files (x86)/gnu tools arm embedded/8 2019-q3-update/bin/../lib/gcc/arm-none-eabi/8.3.1/../../../../arm-none-eabi/lib/thumb/v7e-m+fp/hard\libm.a(lib_a-kf_tan.o)
                0x080138a8                __kernel_tanf
 .text.expm1f   0x08013a70      0x270 c:/program files (x86)/gnu tools arm embedded/8 2019-q3-update/bin/../lib/gcc/arm-none-eabi/8.3.1/../../../../arm-none-eabi/lib/thumb/v7e-m+fp/hard\libm.a(lib_a-sf_expm1.o)
                0x08013a70                expm1f
 .text.finitef  0x08013ce0       0x14 c:/program files (x86)/gnu tools arm embedded/8 2019-q3-update/bin/../lib/gcc/arm-none-eabi/8.3.1/../../../../arm-none-eabi/lib/thumb/v7e-m+fp/hard\libm.a(lib_a-sf_finite.o)
                0x08013ce0                finitef
 .text.nanf     0x08013cf4        0xc c:/program files (x86)/gnu tools arm embedded/8 2019-q3-update/bin/../lib/gcc/arm-none-eabi/8.3.1/../../../../arm-none-eabi/lib/thumb/v7e-m+fp/hard\libm.a(lib_a-sf_nan.o)
                0x08013cf4                nanf
 .text.rintf    0x08013d00       0xb8 c:/program files (x86)/gnu tools arm embedded/8 2019-q3-update/bin/../lib/gcc/arm-none-eabi/8.3.1/../../../../arm-none-eabi/lib/thumb/v7e-m+fp/hard\libm.a(lib_a-sf_rint.o)
                0x08013d00                rintf
 .text.scalbnf  0x08013db8       0xe4 c:/program files (x86)/gnu tools arm embedded/8 2019-q3-update/bin/../lib/gcc/arm-none-eabi/8.3.1/../../../../arm-none-eabi/lib/thumb/v7e-m+fp/hard\libm.a(lib_a-sf_scalbn.o)
                0x08013db8                scalbnf
 *(.glue_7)
 .glue_7        0x08013e9c        0x0 linker stubs
 *(.glue_7t)
 .glue_7t       0x08013e9c        0x0 linker stubs
 *(.eh_frame)
 .eh_frame      0x08013e9c        0x0 c:/program files (x86)/gnu tools arm embedded/8 2019-q3-update/bin/../lib/gcc/arm-none-eabi/8.3.1/thumb/v7e-m+fp/hard/crtbegin.o
 *(.init)
 .init          0x08013e9c        0x4 c:/program files (x86)/gnu tools arm embedded/8 2019-q3-update/bin/../lib/gcc/arm-none-eabi/8.3.1/thumb/v7e-m+fp/hard/crti.o
                0x08013e9c                _init
 .init          0x08013ea0        0x8 c:/program files (x86)/gnu tools arm embedded/8 2019-q3-update/bin/../lib/gcc/arm-none-eabi/8.3.1/thumb/v7e-m+fp/hard/crtn.o
 *(.fini)
 .fini          0x08013ea8        0x4 c:/program files (x86)/gnu tools arm embedded/8 2019-q3-update/bin/../lib/gcc/arm-none-eabi/8.3.1/thumb/v7e-m+fp/hard/crti.o
                0x08013ea8                _fini
 .fini          0x08013eac        0x8 c:/program files (x86)/gnu tools arm embedded/8 2019-q3-update/bin/../lib/gcc/arm-none-eabi/8.3.1/thumb/v7e-m+fp/hard/crtn.o
                0x08013eb4                . = ALIGN (0x4)
                0x08013eb4                _etext = .

.vfp11_veneer   0x08013eb4        0x0
 .vfp11_veneer  0x08013eb4        0x0 linker stubs

.v4_bx          0x08013eb4        0x0
 .v4_bx         0x08013eb4        0x0 linker stubs

.iplt           0x08013eb4        0x0
 .iplt          0x08013eb4        0x0 c:/program files (x86)/gnu tools arm embedded/8 2019-q3-update/bin/../lib/gcc/arm-none-eabi/8.3.1/thumb/v7e-m+fp/hard/crtbegin.o

.rodata         0x08013eb8    0x181e0
                0x08013eb8                . = ALIGN (0x4)
 *(.rodata)
 .rodata        0x08013eb8       0x70 Middlewares/ST/AI/Lib/NetworkRuntime500_CM4_GCC.a(ai_datatypes_format.o)
 .rodata        0x08013f28       0x30 Middlewares/ST/AI/Lib/NetworkRuntime500_CM4_GCC.a(ai_datatypes_format.o)
 *(.rodata*)
 .rodata.FCN1_chain
                0x08013f58        0x8 build/network.o
 .rodata.FCN1_nl_chain
                0x08013f60        0x8 build/network.o
 .rodata.FCN2_chain
                0x08013f68        0x8 build/network.o
 .rodata.FCN2_nl_chain
                0x08013f70        0x8 build/network.o
 .rodata.FCN3_chain
                0x08013f78        0x8 build/network.o
 .rodata.FCN3_nl_chain
                0x08013f80        0x8 build/network.o
 .rodata.LSTM1_chain
                0x08013f88        0x8 build/network.o
 .rodata.ai_network_get_info.str1.4
                0x08013f90       0x6c build/network.o
 .rodata.batch_normalization_1_chain
                0x08013ffc        0x8 build/network.o
 .rodata.s_network_weights.5759
                0x08014004    0x16bfc build/network_data.o
 .rodata.networks
                0x0802ac00       0x60 build/app_x-cube-ai.o
 .rodata.str1.4
                0x0802ac60        0x8 build/app_x-cube-ai.o
 .rodata.aiPbStrCopy.str1.4
                0x0802ac60        0xa build/aiPbMgr.o
 *fill*         0x0802ac6a        0x2 
 .rodata.aiLogErr.str1.4
                0x0802ac6c       0x48 build/aiTestUtility.o
 .rodata.aiPrintNetworkInfo.str1.4
                0x0802acb4      0x21d build/aiTestUtility.o
                                0x221 (size before relaxing)
 *fill*         0x0802aed1        0x3 
 .rodata.aiTestHeader.str1.4
                0x0802aed4       0x39 build/aiTestUtility.o
 *fill*         0x0802af0d        0x3 
 .rodata.crcIpInit.str1.4
                0x0802af10       0x20 build/aiTestUtility.o
 .rodata.logDeviceConf.str1.4
                0x0802af30      0x1c8 build/aiTestUtility.o
 .rodata.aiBootstrap.str1.4
                0x0802b0f8       0x79 build/aiValidation.o
 *fill*         0x0802b171        0x3 
 .rodata.aiInit.str1.4
                0x0802b174       0x4b build/aiValidation.o
 *fill*         0x0802b1bf        0x1 
 .rodata.aiPbCmdNNRun.str1.4
                0x0802b1c0       0x10 build/aiValidation.o
 .rodata.aiValidationInit.str1.4
                0x0802b1d0        0xe build/aiValidation.o
 *fill*         0x0802b1de        0x2 
 .rodata.aiValidationProcess.str1.4
                0x0802b1e0      0x12c build/aiValidation.o
                                0x130 (size before relaxing)
 .rodata.PB_DECODERS
                0x0802b30c       0x28 build/pb_decode.o
 .rodata.decode_callback_field.str1.4
                0x0802b334       0x10 build/pb_decode.o
 .rodata.decode_pointer_field.str1.4
                0x0802b344       0x12 build/pb_decode.o
 *fill*         0x0802b356        0x2 
 .rodata.decode_static_field.str1.4
                0x0802b358       0x23 build/pb_decode.o
 *fill*         0x0802b37b        0x1 
 .rodata.pb_dec_fixed_length_bytes.str1.4
                0x0802b37c       0x32 build/pb_decode.o
 *fill*         0x0802b3ae        0x2 
 .rodata.pb_dec_string.str1.4
                0x0802b3b0       0x20 build/pb_decode.o
 .rodata.pb_dec_submessage.str1.4
                0x0802b3d0       0x19 build/pb_decode.o
 *fill*         0x0802b3e9        0x3 
 .rodata.pb_dec_uvarint.str1.4
                0x0802b3ec       0x26 build/pb_decode.o
 *fill*         0x0802b412        0x2 
 .rodata.pb_decode_noinit.str1.4
                0x0802b414       0x3b build/pb_decode.o
 *fill*         0x0802b44f        0x1 
 .rodata.pb_decode_varint32_eof.str1.4
                0x0802b450       0x10 build/pb_decode.o
 .rodata.pb_make_string_substream.str1.4
                0x0802b460       0x18 build/pb_decode.o
 .rodata.pb_readbyte.str1.4
                0x0802b478       0x19 build/pb_decode.o
 *fill*         0x0802b491        0x3 
 .rodata.read_raw_value.str1.4
                0x0802b494       0x12 build/pb_decode.o
 *fill*         0x0802b4a6        0x2 
 .rodata.PB_ENCODERS
                0x0802b4a8       0x28 build/pb_encode.o
 .rodata.encode_array.str1.4
                0x0802b4d0       0x18 build/pb_encode.o
 .rodata.encode_basic_field.str1.4
                0x0802b4e8       0x17 build/pb_encode.o
 .rodata.encode_callback_field.str1.4
                0x0802b4e8        0xf build/pb_encode.o
 *fill*         0x0802b4f7        0x1 
 .rodata.pb_enc_bytes.str1.4
                0x0802b4f8       0x14 build/pb_encode.o
 .rodata.pb_enc_submessage.str1.4
                0x0802b50c       0x19 build/pb_encode.o
 .rodata.pb_enc_uvarint.str1.4
                0x0802b50c       0x12 build/pb_encode.o
 .rodata.pb_encode_submessage.str1.4
                0x0802b50c       0x14 build/pb_encode.o
 .rodata.pb_encode_tag_for_field.str1.4
                0x0802b520       0x13 build/pb_encode.o
 .rodata.pb_write.str1.4
                0x0802b520        0xc build/pb_encode.o
                                 0x15 (size before relaxing)
 .rodata.ackMsg_fields
                0x0802b52c       0x2d build/stm32msg.pb.o
                0x0802b52c                ackMsg_fields
 *fill*         0x0802b559        0x3 
 .rodata.aiBufferByteMsg_fields
                0x0802b55c       0x2d build/stm32msg.pb.o
                0x0802b55c                aiBufferByteMsg_fields
 *fill*         0x0802b589        0x3 
 .rodata.aiBufferShapeMsg_channels_default
                0x0802b58c        0x4 build/stm32msg.pb.o
                0x0802b58c                aiBufferShapeMsg_channels_default
 .rodata.aiBufferShapeMsg_fields
                0x0802b590       0x78 build/stm32msg.pb.o
                0x0802b590                aiBufferShapeMsg_fields
 .rodata.aiBufferShapeMsg_format_default
                0x0802b608        0x4 build/stm32msg.pb.o
                0x0802b608                aiBufferShapeMsg_format_default
 .rodata.aiBufferShapeMsg_height_default
                0x0802b60c        0x4 build/stm32msg.pb.o
                0x0802b60c                aiBufferShapeMsg_height_default
 .rodata.aiBufferShapeMsg_n_batches_default
                0x0802b610        0x4 build/stm32msg.pb.o
                0x0802b610                aiBufferShapeMsg_n_batches_default
 .rodata.aiBufferShapeMsg_scale_default
                0x0802b614        0x4 build/stm32msg.pb.o
                0x0802b614                aiBufferShapeMsg_scale_default
 .rodata.aiBufferShapeMsg_width_default
                0x0802b618        0x4 build/stm32msg.pb.o
                0x0802b618                aiBufferShapeMsg_width_default
 .rodata.aiBufferShapeMsg_zeropoint_default
                0x0802b61c        0x4 build/stm32msg.pb.o
                0x0802b61c                aiBufferShapeMsg_zeropoint_default
 .rodata.aiNetworkInfoMsg_fields
                0x0802b620      0x13b build/stm32msg.pb.o
                0x0802b620                aiNetworkInfoMsg_fields
 *fill*         0x0802b75b        0x1 
 .rodata.aiRunReportMsg_fields
                0x0802b75c       0x5a build/stm32msg.pb.o
                0x0802b75c                aiRunReportMsg_fields
 *fill*         0x0802b7b6        0x2 
 .rodata.logMsg_fields
                0x0802b7b8       0x2d build/stm32msg.pb.o
                0x0802b7b8                logMsg_fields
 *fill*         0x0802b7e5        0x3 
 .rodata.nodeMsg_fields
                0x0802b7e8       0x4b build/stm32msg.pb.o
                0x0802b7e8                nodeMsg_fields
 .rodata.reqMsg_cmd_default
                0x0802b833        0x1 build/stm32msg.pb.o
                0x0802b833                reqMsg_cmd_default
 .rodata.reqMsg_fields
                0x0802b834       0x5a build/stm32msg.pb.o
                0x0802b834                reqMsg_fields
 *fill*         0x0802b88e        0x2 
 .rodata.respMsg_fields
                0x0802b890       0x96 build/stm32msg.pb.o
                0x0802b890                respMsg_fields
 *fill*         0x0802b926        0x2 
 .rodata.syncMsg_fields
                0x0802b928       0x2d build/stm32msg.pb.o
                0x0802b928                syncMsg_fields
 *fill*         0x0802b955        0x3 
 .rodata.sysinfoMsg_fields
                0x0802b958       0x4b build/stm32msg.pb.o
                0x0802b958                sysinfoMsg_fields
 *fill*         0x0802b9a3        0x1 
 .rodata.AHBPrescTable
                0x0802b9a4       0x10 build/system_stm32f4xx.o
                0x0802b9a4                AHBPrescTable
 .rodata.APBPrescTable
                0x0802b9b4        0x8 build/system_stm32f4xx.o